Archive member included to satisfy reference by file (symbol)

c:/program files (x86)/onsemi/ide_v4.2.1.93/arm_tools/bin/../lib/gcc/arm-none-eabi/10.2.1/thumb/v6-m/nofp\libgcc.a(_udivsi3.o)
                              ./RTT/SEGGER_RTT_printf.o (__aeabi_uidiv)
c:/program files (x86)/onsemi/ide_v4.2.1.93/arm_tools/bin/../lib/gcc/arm-none-eabi/10.2.1/thumb/v6-m/nofp\libgcc.a(_divsi3.o)
                              ./RTT/SEGGER_RTT_printf.o (__aeabi_idiv)
c:/program files (x86)/onsemi/ide_v4.2.1.93/arm_tools/bin/../lib/gcc/arm-none-eabi/10.2.1/thumb/v6-m/nofp\libgcc.a(_dvmd_tls.o)
                              c:/program files (x86)/onsemi/ide_v4.2.1.93/arm_tools/bin/../lib/gcc/arm-none-eabi/10.2.1/thumb/v6-m/nofp\libgcc.a(_udivsi3.o) (__aeabi_idiv0)
c:/program files (x86)/onsemi/ide_v4.2.1.93/arm_tools/bin/../lib/gcc/arm-none-eabi/10.2.1/../../../../arm-none-eabi/lib/thumb/v6-m/nofp\libg_nano.a(lib_a-memcpy-stub.o)
                              ./RTT/SEGGER_RTT.o (memcpy)
c:/program files (x86)/onsemi/ide_v4.2.1.93/arm_tools/bin/../lib/gcc/arm-none-eabi/10.2.1/../../../../arm-none-eabi/lib/thumb/v6-m/nofp\libg_nano.a(lib_a-memset.o)
                              ./COMMON/tcpd/policy.o (memset)
c:/program files (x86)/onsemi/ide_v4.2.1.93/arm_tools/bin/../lib/gcc/arm-none-eabi/10.2.1/../../../../arm-none-eabi/lib/thumb/v6-m/nofp\libg_nano.a(lib_a-strlen.o)
                              ./RTT/SEGGER_RTT.o (strlen)

Discarded input sections

 .group         0x00000000        0xc ./RTT/SEGGER_RTT.o
 .group         0x00000000        0xc ./RTT/SEGGER_RTT.o
 .group         0x00000000        0xc ./RTT/SEGGER_RTT.o
 .group         0x00000000        0xc ./RTT/SEGGER_RTT.o
 .group         0x00000000        0xc ./RTT/SEGGER_RTT.o
 .group         0x00000000        0xc ./RTT/SEGGER_RTT.o
 .group         0x00000000        0xc ./RTT/SEGGER_RTT.o
 .group         0x00000000        0xc ./RTT/SEGGER_RTT.o
 .group         0x00000000        0xc ./RTT/SEGGER_RTT.o
 .group         0x00000000        0xc ./RTT/SEGGER_RTT.o
 .group         0x00000000        0xc ./RTT/SEGGER_RTT.o
 .group         0x00000000        0xc ./RTT/SEGGER_RTT.o
 .group         0x00000000        0xc ./RTT/SEGGER_RTT.o
 .group         0x00000000        0xc ./RTT/SEGGER_RTT.o
 .group         0x00000000        0xc ./RTT/SEGGER_RTT.o
 .group         0x00000000        0xc ./RTT/SEGGER_RTT.o
 .group         0x00000000        0xc ./RTT/SEGGER_RTT.o
 .group         0x00000000        0xc ./RTT/SEGGER_RTT.o
 .group         0x00000000        0xc ./RTT/SEGGER_RTT.o
 .group         0x00000000        0xc ./RTT/SEGGER_RTT.o
 .group         0x00000000        0xc ./RTT/SEGGER_RTT.o
 .group         0x00000000        0xc ./RTT/SEGGER_RTT.o
 .group         0x00000000        0xc ./RTT/SEGGER_RTT.o
 .group         0x00000000        0xc ./RTT/SEGGER_RTT.o
 .group         0x00000000        0xc ./RTT/SEGGER_RTT.o
 .text          0x00000000        0x0 ./RTT/SEGGER_RTT.o
 .data          0x00000000        0x0 ./RTT/SEGGER_RTT.o
 .bss           0x00000000        0x0 ./RTT/SEGGER_RTT.o
 .data._aTerminalId
                0x00000000       0x10 ./RTT/SEGGER_RTT.o
 .bss._SEGGER_RTT
                0x00000000       0xa8 ./RTT/SEGGER_RTT.o
 .bss._acUpBuffer
                0x00000000      0x400 ./RTT/SEGGER_RTT.o
 .bss._acDownBuffer
                0x00000000       0x10 ./RTT/SEGGER_RTT.o
 .bss._ActiveTerminal
                0x00000000        0x1 ./RTT/SEGGER_RTT.o
 .rodata        0x00000000       0x17 ./RTT/SEGGER_RTT.o
 .text._DoInit  0x00000000       0xa8 ./RTT/SEGGER_RTT.o
 .text._WriteBlocking
                0x00000000       0xb4 ./RTT/SEGGER_RTT.o
 .text._WriteNoCheck
                0x00000000       0x80 ./RTT/SEGGER_RTT.o
 .text._PostTerminalSwitch
                0x00000000       0x3c ./RTT/SEGGER_RTT.o
 .text._GetAvailWriteSpace
                0x00000000       0x42 ./RTT/SEGGER_RTT.o
 .text.SEGGER_RTT_ReadNoLock
                0x00000000      0x108 ./RTT/SEGGER_RTT.o
 .text.SEGGER_RTT_Read
                0x00000000       0x38 ./RTT/SEGGER_RTT.o
 .text.SEGGER_RTT_WriteWithOverwriteNoLock
                0x00000000      0x118 ./RTT/SEGGER_RTT.o
 .text.SEGGER_RTT_WriteSkipNoLock
                0x00000000       0xe8 ./RTT/SEGGER_RTT.o
 .text.SEGGER_RTT_WriteNoLock
                0x00000000       0xb0 ./RTT/SEGGER_RTT.o
 .text.SEGGER_RTT_Write
                0x00000000       0x4c ./RTT/SEGGER_RTT.o
 .text.SEGGER_RTT_WriteString
                0x00000000       0x2c ./RTT/SEGGER_RTT.o
 .text.SEGGER_RTT_PutCharSkipNoLock
                0x00000000       0x70 ./RTT/SEGGER_RTT.o
 .text.SEGGER_RTT_PutCharSkip
                0x00000000       0x90 ./RTT/SEGGER_RTT.o
 .text.SEGGER_RTT_PutChar
                0x00000000       0xa4 ./RTT/SEGGER_RTT.o
 .text.SEGGER_RTT_GetKey
                0x00000000       0x38 ./RTT/SEGGER_RTT.o
 .text.SEGGER_RTT_WaitKey
                0x00000000       0x1e ./RTT/SEGGER_RTT.o
 .text.SEGGER_RTT_HasKey
[...]
Memory Configuration

Name             Origin             Length             Attributes
FLASH            0x00000000         0x00021000         xr
RAM              0x20000000         0x00001800         xrw
*default*        0x00000000         0xffffffff

Linker script and memory map

LOAD ./RTT/SEGGER_RTT.o
LOAD ./RTT/SEGGER_RTT_printf.o
LOAD ./Drivers/Device/15xxx/fusb15xxx_adc.o
LOAD ./Drivers/Device/15xxx/fusb15xxx_cmu.o
LOAD ./Drivers/Device/15xxx/fusb15xxx_dma.o
LOAD ./Drivers/Device/15xxx/fusb15xxx_gpio.o
LOAD ./Drivers/Device/15xxx/fusb15xxx_hpd.o
LOAD ./Drivers/Device/15xxx/fusb15xxx_i2c.o
LOAD ./Drivers/Device/15xxx/fusb15xxx_ntc.o
LOAD ./Drivers/Device/15xxx/fusb15xxx_port.o
LOAD ./Drivers/Device/15xxx/fusb15xxx_tcpd.o
LOAD ./Drivers/Device/15xxx/fusb15xxx_timer.o
LOAD ./Drivers/Device/15xxx/fusb15xxx_usbchg.o
LOAD ./Drivers/Device/15xxx/fusb15xxx_wdt.o
LOAD ./Drivers/fusb15xxx_hal.o
LOAD ./Drivers/fusb18xxx_hal.o
LOAD ./Drivers/fusbdev_hal.o
LOAD ./Device/startup_FUSB15200.o
LOAD ./Device/system_FUSB15200.o
LOAD ./Device/vif_info.o
LOAD ./COMMON/util/timer.o
LOAD ./COMMON/tcpd/cable_svid_driv.o
LOAD ./COMMON/tcpd/cable_tbt3_driv.o
LOAD ./COMMON/tcpd/dp_driv.o
LOAD ./COMMON/tcpd/observer.o
LOAD ./COMMON/tcpd/policy.o
LOAD ./COMMON/tcpd/protocol.o
LOAD ./COMMON/tcpd/svid_driv.o
LOAD ./COMMON/tcpd/typec.o
LOAD ./COMMON/tcpd/vdm.o
LOAD ./COMMON/ps/power_sharing.o
LOAD ./COMMON/intf/dev_tcpd.o
LOAD ./COMMON/intf/port.o
LOAD ./COMMON/intf/port_bc1p2.o
LOAD ./COMMON/intf/port_dcdc.o
LOAD ./COMMON/intf/port_ps.o
LOAD ./COMMON/intf/port_tcpd.o
LOAD ./COMMON/dcdc/dc_dc_board.o
LOAD ./COMMON/bc1p2/legacy.o
LOAD ./dc_dc_cfg.o
LOAD ./dpm.o
LOAD ./dpm_callbacks.o
LOAD ./dpm_util.o
LOAD ./fusb15200_it.o
LOAD ./main.o
LOAD ./vdm_vendor.o
START GROUP
LOAD c:/program files (x86)/onsemi/ide_v4.2.1.93/arm_tools/bin/../lib/gcc/arm-none-eabi/10.2.1/thumb/v6-m/nofp\libgcc.a
LOAD c:/program files (x86)/onsemi/ide_v4.2.1.93/arm_tools/bin/../lib/gcc/arm-none-eabi/10.2.1/../../../../arm-none-eabi/lib/thumb/v6-m/nofp\libg_nano.a
LOAD c:/program files (x86)/onsemi/ide_v4.2.1.93/arm_tools/bin/../lib/gcc/arm-none-eabi/10.2.1/../../../../arm-none-eabi/lib/thumb/v6-m/nofp\libc_nano.a
END GROUP
START GROUP
LOAD c:/program files (x86)/onsemi/ide_v4.2.1.93/arm_tools/bin/../lib/gcc/arm-none-eabi/10.2.1/thumb/v6-m/nofp\libgcc.a
LOAD c:/program files (x86)/onsemi/ide_v4.2.1.93/arm_tools/bin/../lib/gcc/arm-none-eabi/10.2.1/../../../../arm-none-eabi/lib/thumb/v6-m/nofp\libc_nano.a
END GROUP

.text           0x00000000    0x196f4
                0x00000000                . = ALIGN (0x4)
 *(.vectors)
 .vectors       0x00000000       0xc0 ./Device/startup_FUSB15200.o
                0x00000000                __Vectors
 *(.text*)
 .text.HAL_ADC_Init
                0x000000c0       0x34 ./Drivers/Device/15xxx/fusb15xxx_adc.o
 .text.HAL_ADC_Enable
                0x000000f4       0x20 ./Drivers/Device/15xxx/fusb15xxx_adc.o
 .text.HAL_ADC_Disable
                0x00000114       0x20 ./Drivers/Device/15xxx/fusb15xxx_adc.o
 .text.HAL_ADC_INT_Status
                0x00000134       0x18 ./Drivers/Device/15xxx/fusb15xxx_adc.o
 .text.HAL_ADC_INT_Enable
                0x0000014c       0x3c ./Drivers/Device/15xxx/fusb15xxx_adc.o
 .text.HAL_ADC_INT_Clear
                0x00000188       0x1c ./Drivers/Device/15xxx/fusb15xxx_adc.o
 .text.HAL_ADC_CHx_Status
                0x000001a4       0xd4 ./Drivers/Device/15xxx/fusb15xxx_adc.o
 .text.HAL_ADC_ChEnable
                0x00000278       0x88 ./Drivers/Device/15xxx/fusb15xxx_adc.o
 .text.HAL_ADC_CHx_Data
                0x00000300       0x98 ./Drivers/Device/15xxx/fusb15xxx_adc.o
 .text.HAL_ADC_CHx_Conv2mV
                0x00000398       0x5c ./Drivers/Device/15xxx/fusb15xxx_adc.o
 .text.HAL_ADC_CHx_Conv2Adc
                0x000003f4       0x58 ./Drivers/Device/15xxx/fusb15xxx_adc.o
 .text.HAL_ADC_CHx_mV
                0x0000044c       0x32 ./Drivers/Device/15xxx/fusb15xxx_adc.o
 *fill*         0x0000047e        0x2 
 .text.HAL_ADC_CHx_SetAlarm
                0x00000480       0x68 ./Drivers/Device/15xxx/fusb15xxx_adc.o
 .text.HAL_ADC_CHx_AlarmL
                0x000004e8       0x74 ./Drivers/Device/15xxx/fusb15xxx_adc.o
 .text.HAL_ADC_CHx_AlarmH
                0x0000055c       0x78 ./Drivers/Device/15xxx/fusb15xxx_adc.o
 .text.HAL_ADC_CHx_Refsel
                0x000005d4       0x6c ./Drivers/Device/15xxx/fusb15xxx_adc.o
 .text.HAL_ADC_CHx_Range
                0x00000640       0x34 ./Drivers/Device/15xxx/fusb15xxx_adc.o
 .text.HAL_ADC_CHx_Autoscale
                0x00000674       0x1a ./Drivers/Device/15xxx/fusb15xxx_adc.o
 .text.assert   0x0000068e       0x18 ./Drivers/Device/15xxx/fusb15xxx_dma.o
 *fill*         0x000006a6        0x2 
 .text.HAL_DMA_StartXfer
                0x000006a8       0x94 ./Drivers/Device/15xxx/fusb15xxx_dma.o
                0x000006a8                HAL_DMA_StartXfer
 .text.HAL_DMA_SetupXfer
                0x0000073c      0x214 ./Drivers/Device/15xxx/fusb15xxx_dma.o
                0x0000073c                HAL_DMA_SetupXfer
 .text.HAL_DMA_XferCount
                0x00000950       0x6c ./Drivers/Device/15xxx/fusb15xxx_dma.o
                0x00000950                HAL_DMA_XferCount
 .text.HAL_DMA_StopXfer
                0x000009bc       0x8c ./Drivers/Device/15xxx/fusb15xxx_dma.o
                0x000009bc                HAL_DMA_StopXfer
 .text.assert   0x00000a48       0x18 ./Drivers/Device/15xxx/fusb15xxx_gpio.o
 .text.HAL_GPIO_PINx_Init
                0x00000a60       0xc8 ./Drivers/Device/15xxx/fusb15xxx_gpio.o
 .text.HAL_GPIO_PINx_Level
                0x00000b28       0x70 ./Drivers/Device/15xxx/fusb15xxx_gpio.o
 .text.HAL_GPIO_PINx_Set
                0x00000b98       0x72 ./Drivers/Device/15xxx/fusb15xxx_gpio.o
 .text.HAL_GPIO_IRQ_Enable
                0x00000c0a       0xae ./Drivers/Device/15xxx/fusb15xxx_gpio.o
 .text.HAL_GPIO_IRQ_Disable
                0x00000cb8       0x4c ./Drivers/Device/15xxx/fusb15xxx_gpio.o
 .text.HAL_GPIO_IRQ_Status
                0x00000d04       0x4a ./Drivers/Device/15xxx/fusb15xxx_gpio.o
                0x00000d04                HAL_GPIO_IRQ_Status
 .text.HAL_GPIO_IRQ_Clear
                0x00000d4e       0x42 ./Drivers/Device/15xxx/fusb15xxx_gpio.o
                0x00000d4e                HAL_GPIO_IRQ_Clear
 .text.__NVIC_EnableIRQ
                0x00000d90       0x34 ./Drivers/Device/15xxx/fusb15xxx_i2c.o
 .text.__NVIC_DisableIRQ
                0x00000dc4       0x44 ./Drivers/Device/15xxx/fusb15xxx_i2c.o
 .text.__NVIC_SetPriority
                0x00000e08       0xdc ./Drivers/Device/15xxx/fusb15xxx_i2c.o
 .text.assert   0x00000ee4       0x18 ./Drivers/Device/15xxx/fusb15xxx_i2c.o
 .text.HAL_I2C_Init
                0x00000efc      0x1a8 ./Drivers/Device/15xxx/fusb15xxx_i2c.o
 .text.HAL_I2C_DeInit
                0x000010a4       0x32 ./Drivers/Device/15xxx/fusb15xxx_i2c.o
 .text.HAL_I2C_SlaveEnable
                0x000010d6       0x6c ./Drivers/Device/15xxx/fusb15xxx_i2c.o
 .text.HAL_I2C_MasterEnable
                0x00001142       0x50 ./Drivers/Device/15xxx/fusb15xxx_i2c.o
 .text.HAL_I2C_SlaveDisable
                0x00001192       0x2e ./Drivers/Device/15xxx/fusb15xxx_i2c.o
 .text.HAL_I2C_MasterDisable
                0x000011c0       0x3c ./Drivers/Device/15xxx/fusb15xxx_i2c.o
 .text.HAL_I2C_TIMEOUT
                0x000011fc       0x26 ./Drivers/Device/15xxx/fusb15xxx_i2c.o
 *fill*         0x00001222        0x2 
 .text.HAL_I2C_MasterWrite
                0x00001224      0x138 ./Drivers/Device/15xxx/fusb15xxx_i2c.o
 .text.HAL_I2C_MasterRead
                0x0000135c      0x168 ./Drivers/Device/15xxx/fusb15xxx_i2c.o
 .text.HAL_I2C_MasterWrite_Irq
                0x000014c4       0x98 ./Drivers/Device/15xxx/fusb15xxx_i2c.o
 .text.HAL_I2C_MasterRead_Irq
                0x0000155c       0xa0 ./Drivers/Device/15xxx/fusb15xxx_i2c.o
 .text.HAL_I2C_MasterAtomicRead_Irq
                0x000015fc       0x5e ./Drivers/Device/15xxx/fusb15xxx_i2c.o
 .text.HAL_I2C_DMA_WrCb
                0x0000165a       0x84 ./Drivers/Device/15xxx/fusb15xxx_i2c.o
 *fill*         0x000016de        0x2 
 .text.HAL_I2C_DMA_MasterWrite
                0x000016e0      0x104 ./Drivers/Device/15xxx/fusb15xxx_i2c.o
 .text.HAL_I2C_DMA_MRdCb
                0x000017e4       0x7c ./Drivers/Device/15xxx/fusb15xxx_i2c.o
 .text.HAL_I2C_DMA_MasterRead
                0x00001860      0x124 ./Drivers/Device/15xxx/fusb15xxx_i2c.o
 .text.HAL_I2C_DMA_MasterRead_Patched
                0x00001984       0x38 ./Drivers/Device/15xxx/fusb15xxx_i2c.o
 .text.HAL_I2C_DMA_MasterRead_Unpatched
                0x000019bc       0x36 ./Drivers/Device/15xxx/fusb15xxx_i2c.o
 *fill*         0x000019f2        0x2 
 .text.HAL_I2C_DMA_SlaveTx
                0x000019f4       0xd8 ./Drivers/Device/15xxx/fusb15xxx_i2c.o
 .text.HAL_I2C_DMA_SlaveWaitRx
                0x00001acc       0xd4 ./Drivers/Device/15xxx/fusb15xxx_i2c.o
 .text.HAL_I2C_IRQ_SlaveStart
                0x00001ba0       0x78 ./Drivers/Device/15xxx/fusb15xxx_i2c.o
 .text.HAL_I2C_IRQ_SlaveSetOffset
                0x00001c18       0x6c ./Drivers/Device/15xxx/fusb15xxx_i2c.o
 .text.HAL_I2C_SlaveBufferCountReset
                0x00001c84       0x24 ./Drivers/Device/15xxx/fusb15xxx_i2c.o
 .text.HAL_I2C_Master_IRQHandler
                0x00001ca8      0x1ee ./Drivers/Device/15xxx/fusb15xxx_i2c.o
 *fill*         0x00001e96        0x2 
 .text.HAL_I2C_Slave_IrqHandler
                0x00001e98      0x1a8 ./Drivers/Device/15xxx/fusb15xxx_i2c.o
 .text.HAL_I2C_IRQHandler
                0x00002040       0x6a ./Drivers/Device/15xxx/fusb15xxx_i2c.o
                0x00002040                HAL_I2C_IRQHandler
 *fill*         0x000020aa        0x2 
 .text.HAL_I2C_INT_Enable
                0x000020ac       0xe0 ./Drivers/Device/15xxx/fusb15xxx_i2c.o
 .text.HAL_I2C_INT_Disable
                0x0000218c       0x2e ./Drivers/Device/15xxx/fusb15xxx_i2c.o
 .text.HAL_I2C_INT_Set
                0x000021ba       0x2c ./Drivers/Device/15xxx/fusb15xxx_i2c.o
 .text.HAL_I2C_INT_Clear
                0x000021e6       0x26 ./Drivers/Device/15xxx/fusb15xxx_i2c.o
 .text.HAL_I2C_INT_Status
                0x0000220c       0x2c ./Drivers/Device/15xxx/fusb15xxx_i2c.o
                0x0000220c                HAL_I2C_INT_Status
 .text.HAL_I2C_INT_SetCallback
                0x00002238       0x30 ./Drivers/Device/15xxx/fusb15xxx_i2c.o
 .text.assert   0x00002268       0x18 ./Drivers/Device/15xxx/fusb15xxx_port.o
 .text.HAL_PORT_Init
                0x00002280      0x100 ./Drivers/Device/15xxx/fusb15xxx_port.o
 .text.HAL_PORT_IRQ_Enable
                0x00002380       0x84 ./Drivers/Device/15xxx/fusb15xxx_port.o
 .text.HAL_PORT_IRQ_Disable
                0x00002404       0x20 ./Drivers/Device/15xxx/fusb15xxx_port.o
 .text.HAL_PORT_IRQ_Clear
                0x00002424       0x20 ./Drivers/Device/15xxx/fusb15xxx_port.o
 .text.HAL_PORT_IRQ_Status
                0x00002444       0x28 ./Drivers/Device/15xxx/fusb15xxx_port.o
 .text.HAL_PORT_NMI_Enable
                0x0000246c       0x28 ./Drivers/Device/15xxx/fusb15xxx_port.o
 .text.HAL_PORT_NMI_Disable
                0x00002494       0x20 ./Drivers/Device/15xxx/fusb15xxx_port.o
 .text.HAL_PORT_SWDEnabled
                0x000024b4       0x1c ./Drivers/Device/15xxx/fusb15xxx_port.o
 .text.__NVIC_EnableIRQ
                0x000024d0       0x34 ./Drivers/Device/15xxx/fusb15xxx_tcpd.o
 .text.__NVIC_DisableIRQ
                0x00002504       0x44 ./Drivers/Device/15xxx/fusb15xxx_tcpd.o
 .text.__NVIC_SetPriority
                0x00002548       0xdc ./Drivers/Device/15xxx/fusb15xxx_tcpd.o
 .text.assert   0x00002624       0x18 ./Drivers/Device/15xxx/fusb15xxx_tcpd.o
 .text.HAL_USBPD_Init
                0x0000263c      0x154 ./Drivers/Device/15xxx/fusb15xxx_tcpd.o
                0x0000263c                HAL_USBPD_Init
 .text.HAL_USBPD_DeInit
                0x00002790       0x40 ./Drivers/Device/15xxx/fusb15xxx_tcpd.o
 .text.HAL_USBPD_PortStatus
                0x000027d0       0x52 ./Drivers/Device/15xxx/fusb15xxx_tcpd.o
 .text.HAL_PORT_SetTerm
                0x00002822       0x80 ./Drivers/Device/15xxx/fusb15xxx_tcpd.o
 *fill*         0x000028a2        0x2 
 .text.HAL_PORT_SetCC
                0x000028a4      0x10c ./Drivers/Device/15xxx/fusb15xxx_tcpd.o
 .text.HAL_PORT_SetRpCurrent
                0x000029b0       0x84 ./Drivers/Device/15xxx/fusb15xxx_tcpd.o
 .text.HAL_PORT_Set_Vconn_Ocp
                0x00002a34       0x6c ./Drivers/Device/15xxx/fusb15xxx_tcpd.o
 .text.HAL_PORT_VconnEn
                0x00002aa0       0x6c ./Drivers/Device/15xxx/fusb15xxx_tcpd.o
 .text.HAL_VCONN_Discharge
                0x00002b0c       0x16 ./Drivers/Device/15xxx/fusb15xxx_tcpd.o
 .text.HAL_PORT_CCStatus
                0x00002b22      0x10a ./Drivers/Device/15xxx/fusb15xxx_tcpd.o
 .text.HAL_PORT_Orient
                0x00002c2c       0x84 ./Drivers/Device/15xxx/fusb15xxx_tcpd.o
 .text.HAL_PORT_VbusInit
                0x00002cb0       0x3c ./Drivers/Device/15xxx/fusb15xxx_tcpd.o
 .text.HAL_PORT_VbusValue
                0x00002cec       0x3c ./Drivers/Device/15xxx/fusb15xxx_tcpd.o
 .text.HAL_PORT_SetVbus
                0x00002d28       0x5e ./Drivers/Device/15xxx/fusb15xxx_tcpd.o
 .text.HAL_PORT_ClearVbus
                0x00002d86       0x60 ./Drivers/Device/15xxx/fusb15xxx_tcpd.o
 *fill*         0x00002de6        0x2 
 .text.HAL_PORT_SetResolution
                0x00002de8       0x8c ./Drivers/Device/15xxx/fusb15xxx_tcpd.o
 .text.HAL_PORT_SetVbusAlarm
                0x00002e74       0xac ./Drivers/Device/15xxx/fusb15xxx_tcpd.o
 .text.HAL_PORT_DischVbus
                0x00002f20       0x4e ./Drivers/Device/15xxx/fusb15xxx_tcpd.o
 .text.HAL_PORT_VbusStat
                0x00002f6e       0x8e ./Drivers/Device/15xxx/fusb15xxx_tcpd.o
 .text.HAL_PORT_PdEnable
                0x00002ffc      0x104 ./Drivers/Device/15xxx/fusb15xxx_tcpd.o
 .text.HAL_PORT_PdDisable
                0x00003100       0x48 ./Drivers/Device/15xxx/fusb15xxx_tcpd.o
 .text.HAL_PORT_PdStatus
                0x00003148       0x2e ./Drivers/Device/15xxx/fusb15xxx_tcpd.o
 .text.HAL_PORT_DataRoleDfp
                0x00003176       0x5a ./Drivers/Device/15xxx/fusb15xxx_tcpd.o
 .text.HAL_PORT_SetPdRevision
                0x000031d0       0x54 ./Drivers/Device/15xxx/fusb15xxx_tcpd.o
 .text.HAL_PORT_GoodCRCRevision
                0x00003224       0x6a ./Drivers/Device/15xxx/fusb15xxx_tcpd.o
 .text.HAL_PORT_PwrRoleSrc
                0x0000328e       0x5a ./Drivers/Device/15xxx/fusb15xxx_tcpd.o
 .text.HAL_PORT_SopEnable
                0x000032e8       0xd0 ./Drivers/Device/15xxx/fusb15xxx_tcpd.o
 .text.HAL_PORT_BistEn
                0x000033b8       0x78 ./Drivers/Device/15xxx/fusb15xxx_tcpd.o
 .text.HAL_PORT_TxHardRst
                0x00003430       0x66 ./Drivers/Device/15xxx/fusb15xxx_tcpd.o
 .text.HAL_PORT_TxData
                0x00003496      0x1b6 ./Drivers/Device/15xxx/fusb15xxx_tcpd.o
 .text.HAL_PORT_RxData
                0x0000364c      0x1b0 ./Drivers/Device/15xxx/fusb15xxx_tcpd.o
 .text.HAL_USBPD_EvtEnable
                0x000037fc       0x60 ./Drivers/Device/15xxx/fusb15xxx_tcpd.o
 .text.HAL_USBPD_CCEvtEnable
                0x0000385c       0x5a ./Drivers/Device/15xxx/fusb15xxx_tcpd.o
 *fill*         0x000038b6        0x2 
 .text.HAL_USBPD_PDEvtEnable
                0x000038b8       0x64 ./Drivers/Device/15xxx/fusb15xxx_tcpd.o
 .text.HAL_USBPD_VbusEvtEnable
                0x0000391c       0x5a ./Drivers/Device/15xxx/fusb15xxx_tcpd.o
 *fill*         0x00003976        0x2 
 .text.HAL_PORT_DrpEn
                0x00003978       0x70 ./Drivers/Device/15xxx/fusb15xxx_tcpd.o
 .text.HAL_USBPD_FRSwapConfigure
                0x000039e8       0xc0 ./Drivers/Device/15xxx/fusb15xxx_tcpd.o
 .text.HAL_USBPD_FRSwapInitiate
                0x00003aa8       0x3c ./Drivers/Device/15xxx/fusb15xxx_tcpd.o
 .text.HAL_PD_IRQHandler
                0x00003ae4      0x268 ./Drivers/Device/15xxx/fusb15xxx_tcpd.o
                0x00003ae4                HAL_PD_IRQHandler
 .text.HAL_TIM_Init
                0x00003d4c       0x22 ./Drivers/Device/15xxx/fusb15xxx_timer.o
 .text.HAL_TIM_InterruptEnable
                0x00003d6e       0x3a ./Drivers/Device/15xxx/fusb15xxx_timer.o
 .text.HAL_TIM_Start
                0x00003da8       0x94 ./Drivers/Device/15xxx/fusb15xxx_timer.o
 .text.HAL_TIM_IntClr
                0x00003e3c       0x18 ./Drivers/Device/15xxx/fusb15xxx_timer.o
 .text.HAL_TIM_IntStatus
                0x00003e54       0x1a ./Drivers/Device/15xxx/fusb15xxx_timer.o
 .text.HAL_TIM_Load
                0x00003e6e       0x2c ./Drivers/Device/15xxx/fusb15xxx_timer.o
 .text.HAL_TIM_Value
                0x00003e9a       0x14 ./Drivers/Device/15xxx/fusb15xxx_timer.o
 .text.HAL_TIM_Stop
                0x00003eae       0x1e ./Drivers/Device/15xxx/fusb15xxx_timer.o
 .text.HAL_TIM_IRQHandler
                0x00003ecc       0x30 ./Drivers/Device/15xxx/fusb15xxx_timer.o
                0x00003ecc                HAL_TIM_IRQHandler
 .text.__NVIC_EnableIRQ
                0x00003efc       0x34 ./Drivers/fusb15xxx_hal.o
 .text.__NVIC_ClearPendingIRQ
                0x00003f30       0x38 ./Drivers/fusb15xxx_hal.o
 .text.__NVIC_SetPriority
                0x00003f68       0xdc ./Drivers/fusb15xxx_hal.o
 .text.fusb15xxx_gpio_initialize
                0x00004044       0x34 ./Drivers/fusb15xxx_hal.o
                0x00004044                fusb15xxx_gpio_initialize
 .text.fusb15xxx_gpio_set
                0x00004078       0x40 ./Drivers/fusb15xxx_hal.o
                0x00004078                fusb15xxx_gpio_set
 .text.fusb15xxx_gpio_state
                0x000040b8       0x50 ./Drivers/fusb15xxx_hal.o
                0x000040b8                fusb15xxx_gpio_state
 .text.fusb15xxx_gpio_disable_interrupt
                0x00004108       0x30 ./Drivers/fusb15xxx_hal.o
                0x00004108                fusb15xxx_gpio_disable_interrupt
 .text.fusb15xxx_tcpd_initialize
                0x00004138       0x3c ./Drivers/fusb15xxx_hal.o
                0x00004138                fusb15xxx_tcpd_initialize
 .text.fusb15xxx_tcpd_rx_hardreset
                0x00004174       0x58 ./Drivers/fusb15xxx_hal.o
                0x00004174                fusb15xxx_tcpd_rx_hardreset
 .text.fusb15xxx_tcpd_tx_hardreset
                0x000041cc       0x5c ./Drivers/fusb15xxx_hal.o
                0x000041cc                fusb15xxx_tcpd_tx_hardreset
 .text.fusb15xxx_tcpd_set_rp
                0x00004228       0xb4 ./Drivers/fusb15xxx_hal.o
                0x00004228                fusb15xxx_tcpd_set_rp
 .text.fusb15xxx_tcpd_set_orient
                0x000042dc       0x3c ./Drivers/fusb15xxx_hal.o
                0x000042dc                fusb15xxx_tcpd_set_orient
 .text.fusb15xxx_tcpd_set_cc
                0x00004318       0x40 ./Drivers/fusb15xxx_hal.o
                0x00004318                fusb15xxx_tcpd_set_cc
 .text.fusb15xxx_tcpd_cc_stat
                0x00004358       0xf4 ./Drivers/fusb15xxx_hal.o
                0x00004358                fusb15xxx_tcpd_cc_stat
 .text.fusb15xxx_tcpd_cc_events_enable
                0x0000444c       0x28 ./Drivers/fusb15xxx_hal.o
                0x0000444c                fusb15xxx_tcpd_cc_events_enable
 .text.fusb15xxx_tcpd_cc_check_error
                0x00004474       0x64 ./Drivers/fusb15xxx_hal.o
                0x00004474                fusb15xxx_tcpd_cc_check_error
 .text.fusb15xxx_tcpd_set_drp
                0x000044d8       0x88 ./Drivers/fusb15xxx_hal.o
                0x000044d8                fusb15xxx_tcpd_set_drp
 .text.fusb15xxx_tcpd_drp_stat
                0x00004560       0x98 ./Drivers/fusb15xxx_hal.o
                0x00004560                fusb15xxx_tcpd_drp_stat
 .text.fusb15xxx_tcpd_vbus_init
                0x000045f8       0x2c ./Drivers/fusb15xxx_hal.o
                0x000045f8                fusb15xxx_tcpd_vbus_init
 .text.fusb15xxx_tcpd_vbus_deinit
                0x00004624       0x30 ./Drivers/fusb15xxx_hal.o
                0x00004624                fusb15xxx_tcpd_vbus_deinit
 .text.fusb15xxx_tcpd_vbus_events
                0x00004654       0x2c ./Drivers/fusb15xxx_hal.o
                0x00004654                fusb15xxx_tcpd_vbus_events
 .text.fusb15xxx_tcpd_set_vbus_source
                0x00004680       0x58 ./Drivers/fusb15xxx_hal.o
                0x00004680                fusb15xxx_tcpd_set_vbus_source
 .text.fusb15xxx_tcpd_set_vbus_sink
                0x000046d8       0x58 ./Drivers/fusb15xxx_hal.o
                0x000046d8                fusb15xxx_tcpd_set_vbus_sink
 .text.fusb15xxx_tcpd_vbus_value
                0x00004730       0x34 ./Drivers/fusb15xxx_hal.o
                0x00004730                fusb15xxx_tcpd_vbus_value
 .text.fusb15xxx_tcpd_set_vbus_res
                0x00004764       0x2c ./Drivers/fusb15xxx_hal.o
                0x00004764                fusb15xxx_tcpd_set_vbus_res
 .text.fusb15xxx_tcpd_set_vbus_alarm
                0x00004790       0x30 ./Drivers/fusb15xxx_hal.o
                0x00004790                fusb15xxx_tcpd_set_vbus_alarm
 .text.fusb15xxx_tcpd_set_vbus_disch
                0x000047c0       0x6c ./Drivers/fusb15xxx_hal.o
                0x000047c0                fusb15xxx_tcpd_set_vbus_disch
 .text.fusb15xxx_tcpd_pullup_value
                0x0000482c       0xc0 ./Drivers/fusb15xxx_hal.o
                0x0000482c                fusb15xxx_tcpd_pullup_value
 .text.fusb15xxx_tcpd_set_term
                0x000048ec       0xb4 ./Drivers/fusb15xxx_hal.o
                0x000048ec                fusb15xxx_tcpd_set_term
 .text.fusb15xxx_tcpd_vconn_enable
                0x000049a0       0x38 ./Drivers/fusb15xxx_hal.o
                0x000049a0                fusb15xxx_tcpd_vconn_enable
 .text.fusb15xxx_tcpd_pd_enable
                0x000049d8       0x38 ./Drivers/fusb15xxx_hal.o
                0x000049d8                fusb15xxx_tcpd_pd_enable
 .text.fusb15xxx_tcpd_pd_sop_enable
                0x00004a10       0x24 ./Drivers/fusb15xxx_hal.o
                0x00004a10                fusb15xxx_tcpd_pd_sop_enable
 .text.fusb15xxx_tcpd_pd_rev
                0x00004a34       0x54 ./Drivers/fusb15xxx_hal.o
                0x00004a34                fusb15xxx_tcpd_pd_rev
 .text.fusb15xxx_tcpd_set_pd_dfp
                0x00004a88       0x28 ./Drivers/fusb15xxx_hal.o
                0x00004a88                fusb15xxx_tcpd_set_pd_dfp
 .text.fusb15xxx_tcpd_set_pd_source
                0x00004ab0       0x28 ./Drivers/fusb15xxx_hal.o
                0x00004ab0                fusb15xxx_tcpd_set_pd_source
 .text.fusb15xxx_tcpd_set_bist_mode
                0x00004ad8       0x54 ./Drivers/fusb15xxx_hal.o
                0x00004ad8                fusb15xxx_tcpd_set_bist_mode
 .text.fusb15xxx_tcpd_port_tx_status
                0x00004b2c       0xb0 ./Drivers/fusb15xxx_hal.o
                0x00004b2c                fusb15xxx_tcpd_port_tx_status
 .text.fusb15xxx_tcpd_pd_tx
                0x00004bdc       0xa8 ./Drivers/fusb15xxx_hal.o
                0x00004bdc                fusb15xxx_tcpd_pd_tx
 .text.fusb15xxx_tcpd_pd_check_rx
                0x00004c84       0x44 ./Drivers/fusb15xxx_hal.o
                0x00004c84                fusb15xxx_tcpd_pd_check_rx
 .text.fusb15xxx_tcpd_pd_rx
                0x00004cc8       0x84 ./Drivers/fusb15xxx_hal.o
                0x00004cc8                fusb15xxx_tcpd_pd_rx
 .text.fusb15xxx_i2c_enable
                0x00004d4c       0x24 ./Drivers/fusb15xxx_hal.o
                0x00004d4c                fusb15xxx_i2c_enable
 .text.fusb15xxx_i2c_master_enable
                0x00004d70       0x24 ./Drivers/fusb15xxx_hal.o
                0x00004d70                fusb15xxx_i2c_master_enable
 .text.fusb15xxx_i2c_write_with_interrupt
                0x00004d94       0x38 ./Drivers/fusb15xxx_hal.o
                0x00004d94                fusb15xxx_i2c_write_with_interrupt
 .text.fusb15xxx_i2c_read_register
                0x00004dcc       0x48 ./Drivers/fusb15xxx_hal.o
                0x00004dcc                fusb15xxx_i2c_read_register
 .text.fusb15xxx_i2c_irq_enable
                0x00004e14       0x28 ./Drivers/fusb15xxx_hal.o
                0x00004e14                fusb15xxx_i2c_irq_enable
 .text.fusb15200_init
                0x00004e3c      0x18c ./Drivers/fusb15xxx_hal.o
 .text.fusb15xxx_init
                0x00004fc8       0x1a ./Drivers/fusb15xxx_hal.o
                0x00004fc8                fusb15xxx_init
 .text.fusb15xxx_device_tcpd_init
                0x00004fe2       0x30 ./Drivers/fusb15xxx_hal.o
                0x00004fe2                fusb15xxx_device_tcpd_init
 .text.fusbdev_configure_gpio_pin
                0x00005012       0x2e ./Drivers/fusbdev_hal.o
                0x00005012                fusbdev_configure_gpio_pin
 .text.fusbdev_set_gpio_pin
                0x00005040       0x38 ./Drivers/fusbdev_hal.o
                0x00005040                fusbdev_set_gpio_pin
 .text.fusbdev_state_gpio_pin
                0x00005078       0x3a ./Drivers/fusbdev_hal.o
                0x00005078                fusbdev_state_gpio_pin
 .text.fusbdev_disable_interrupt_gpio_pin
                0x000050b2       0x2a ./Drivers/fusbdev_hal.o
                0x000050b2                fusbdev_disable_interrupt_gpio_pin
 .text.fusbdev_tcpd_initialize
                0x000050dc       0x34 ./Drivers/fusbdev_hal.o
                0x000050dc                fusbdev_tcpd_initialize
 .text.fusbdev_tcpd_rx_hardreset
                0x00005110       0x1c ./Drivers/fusbdev_hal.o
                0x00005110                fusbdev_tcpd_rx_hardreset
 .text.fusbdev_tcpd_tx_hardreset
                0x0000512c       0x26 ./Drivers/fusbdev_hal.o
                0x0000512c                fusbdev_tcpd_tx_hardreset
 .text.fusbdev_tcpd_set_rp
                0x00005152       0x26 ./Drivers/fusbdev_hal.o
                0x00005152                fusbdev_tcpd_set_rp
 .text.fusbdev_tcpd_set_orient
                0x00005178       0x26 ./Drivers/fusbdev_hal.o
                0x00005178                fusbdev_tcpd_set_orient
 .text.fusbdev_tcpd_set_cc
                0x0000519e       0x3a ./Drivers/fusbdev_hal.o
                0x0000519e                fusbdev_tcpd_set_cc
 .text.fusbdev_tcpd_cc_stat
                0x000051d8       0x28 ./Drivers/fusbdev_hal.o
                0x000051d8                fusbdev_tcpd_cc_stat
 .text.fusbdev_tcpd_cc_events_enable
                0x00005200       0x26 ./Drivers/fusbdev_hal.o
                0x00005200                fusbdev_tcpd_cc_events_enable
 .text.fusbdev_tcpd_cc_check_error
                0x00005226       0x1c ./Drivers/fusbdev_hal.o
                0x00005226                fusbdev_tcpd_cc_check_error
 .text.fusbdev_tcpd_set_drp
                0x00005242       0x26 ./Drivers/fusbdev_hal.o
                0x00005242                fusbdev_tcpd_set_drp
 .text.fusbdev_tcpd_drp_stat
                0x00005268       0x1c ./Drivers/fusbdev_hal.o
                0x00005268                fusbdev_tcpd_drp_stat
 .text.fusbdev_tcpd_vbus_init
                0x00005284       0x1a ./Drivers/fusbdev_hal.o
                0x00005284                fusbdev_tcpd_vbus_init
 .text.fusbdev_tcpd_vbus_deinit
                0x0000529e       0x1a ./Drivers/fusbdev_hal.o
                0x0000529e                fusbdev_tcpd_vbus_deinit
 .text.fusbdev_tcpd_vbus_events
                0x000052b8       0x26 ./Drivers/fusbdev_hal.o
                0x000052b8                fusbdev_tcpd_vbus_events
 .text.fusbdev_tcpd_set_vbus_source
                0x000052de       0x2c ./Drivers/fusbdev_hal.o
                0x000052de                fusbdev_tcpd_set_vbus_source
 .text.fusbdev_tcpd_set_vbus_sink
                0x0000530a       0x2c ./Drivers/fusbdev_hal.o
                0x0000530a                fusbdev_tcpd_set_vbus_sink
 .text.fusbdev_tcpd_vbus_value
                0x00005336       0x1c ./Drivers/fusbdev_hal.o
                0x00005336                fusbdev_tcpd_vbus_value
 .text.fusbdev_tcpd_set_vbus_res
                0x00005352       0x22 ./Drivers/fusbdev_hal.o
                0x00005352                fusbdev_tcpd_set_vbus_res
 .text.fusbdev_tcpd_set_vbus_alarm
                0x00005374       0x22 ./Drivers/fusbdev_hal.o
                0x00005374                fusbdev_tcpd_set_vbus_alarm
 .text.fusbdev_tcpd_set_vbus_disch
                0x00005396       0x26 ./Drivers/fusbdev_hal.o
                0x00005396                fusbdev_tcpd_set_vbus_disch
 .text.fusbdev_tcpd_pullup_value
                0x000053bc       0x28 ./Drivers/fusbdev_hal.o
                0x000053bc                fusbdev_tcpd_pullup_value
 .text.fusbdev_tcpd_set_term
                0x000053e4       0x26 ./Drivers/fusbdev_hal.o
                0x000053e4                fusbdev_tcpd_set_term
 .text.fusbdev_tcpd_vconn_enable
                0x0000540a       0x34 ./Drivers/fusbdev_hal.o
                0x0000540a                fusbdev_tcpd_vconn_enable
 .text.fusbdev_tcpd_pd_enable
                0x0000543e       0x26 ./Drivers/fusbdev_hal.o
                0x0000543e                fusbdev_tcpd_pd_enable
 .text.fusbdev_tcpd_pd_sop_enable
                0x00005464       0x20 ./Drivers/fusbdev_hal.o
                0x00005464                fusbdev_tcpd_pd_sop_enable
 .text.fusbdev_tcpd_pd_rev
                0x00005484       0x32 ./Drivers/fusbdev_hal.o
                0x00005484                fusbdev_tcpd_pd_rev
 .text.fusbdev_tcpd_set_pd_dfp
                0x000054b6       0x26 ./Drivers/fusbdev_hal.o
                0x000054b6                fusbdev_tcpd_set_pd_dfp
 .text.fusbdev_tcpd_set_pd_source
                0x000054dc       0x26 ./Drivers/fusbdev_hal.o
                0x000054dc                fusbdev_tcpd_set_pd_source
 .text.fusbdev_tcpd_set_bist_mode
                0x00005502       0x26 ./Drivers/fusbdev_hal.o
                0x00005502                fusbdev_tcpd_set_bist_mode
 .text.fusbdev_tcpd_port_tx_status
                0x00005528       0x1c ./Drivers/fusbdev_hal.o
                0x00005528                fusbdev_tcpd_port_tx_status
 .text.fusbdev_tcpd_pd_tx
                0x00005544       0x32 ./Drivers/fusbdev_hal.o
                0x00005544                fusbdev_tcpd_pd_tx
 .text.fusbdev_tcpd_pd_check_rx
                0x00005576       0x1c ./Drivers/fusbdev_hal.o
                0x00005576                fusbdev_tcpd_pd_check_rx
 .text.fusbdev_tcpd_pd_rx
                0x00005592       0x24 ./Drivers/fusbdev_hal.o
                0x00005592                fusbdev_tcpd_pd_rx
 .text.fusbdev_i2c_enable
                0x000055b6       0x1c ./Drivers/fusbdev_hal.o
                0x000055b6                fusbdev_i2c_enable
 .text.fusbdev_i2c_master_enable
                0x000055d2       0x26 ./Drivers/fusbdev_hal.o
                0x000055d2                fusbdev_i2c_master_enable
 .text.fusbdev_i2c_write_with_interrupt
                0x000055f8       0x36 ./Drivers/fusbdev_hal.o
                0x000055f8                fusbdev_i2c_write_with_interrupt
 .text.fusbdev_i2c_read_register
                0x0000562e       0x46 ./Drivers/fusbdev_hal.o
                0x0000562e                fusbdev_i2c_read_register
 .text.fusbdev_i2c_irq_enable
                0x00005674       0x2e ./Drivers/fusbdev_hal.o
                0x00005674                fusbdev_i2c_irq_enable
 *fill*         0x000056a2        0x2 
 .text.device_tcpd_init
                0x000056a4       0x94 ./Drivers/fusbdev_hal.o
                0x000056a4                device_tcpd_init
 .text.device_dcdc_init
                0x00005738       0x28 ./Drivers/fusbdev_hal.o
                0x00005738                device_dcdc_init
 .text.device_init
                0x00005760       0x26 ./Drivers/fusbdev_hal.o
                0x00005760                device_init
 *fill*         0x00005786        0x2 
 .text.Reset_Handler
                0x00005788       0x6c ./Device/startup_FUSB15200.o
                0x00005788                Reset_Handler
 .text.Default_Handler
                0x000057f4        0x6 ./Device/startup_FUSB15200.o
                0x000057f4                HardFault_Handler
                0x000057f4                PendSV_Handler
                0x000057f4                NMI_Handler
                0x000057f4                BC12B_IRQHandler
                0x000057f4                Default_Handler
                0x000057f4                WDT_IRQHandler
                0x000057f4                SVC_Handler
                0x000057f4                SYSCONFIG_IRQHandler
                0x000057f4                PMU_IRQHandler
                0x000057f4                FLASH_IRQHandler
                0x000057f4                BC12A_IRQHandler
 *fill*         0x000057fa        0x2 
 .text.timer_init
                0x000057fc       0x44 ./COMMON/util/timer.o
                0x000057fc                timer_init
 .text.timer_start
                0x00005840       0x40 ./COMMON/util/timer.o
                0x00005840                timer_start
 .text.timer_disable
                0x00005880       0x1e ./COMMON/util/timer.o
                0x00005880                timer_disable
 .text.timer_disabled
                0x0000589e       0x2e ./COMMON/util/timer.o
                0x0000589e                timer_disabled
 .text.timer_expired
                0x000058cc       0x38 ./COMMON/util/timer.o
                0x000058cc                timer_expired
 .text.vdm_cable_partner_nak
                0x00005904      0x104 ./COMMON/tcpd/cable_svid_driv.o
 .text.vdm_cable_request_discv_svid
                0x00005a08       0xe8 ./COMMON/tcpd/cable_svid_driv.o
 .text.vdm_cable_process_partner_discv_svid
                0x00005af0      0x1c0 ./COMMON/tcpd/cable_svid_driv.o
 .text.vdm_cable_svid_sm
                0x00005cb0       0x68 ./COMMON/tcpd/cable_svid_driv.o
 .text.vdm_cable_svid_active
                0x00005d18       0x28 ./COMMON/tcpd/cable_svid_driv.o
 .text.vdm_cable_svid_set_active
                0x00005d40       0x34 ./COMMON/tcpd/cable_svid_driv.o
 .text.vdm_cable_svid_process_partner
                0x00005d74       0x7c ./COMMON/tcpd/cable_svid_driv.o
 .text.vdm_cable_svid_reset
                0x00005df0       0x58 ./COMMON/tcpd/cable_svid_driv.o
 .text.vdm_cable_partner_nak
                0x00005e48      0x104 ./COMMON/tcpd/cable_tbt3_driv.o
 .text.vdm_cable_request_discv_modes
                0x00005f4c       0xe8 ./COMMON/tcpd/cable_tbt3_driv.o
 .text.vdm_cable_process_partner_discv_mode
                0x00006034      0x148 ./COMMON/tcpd/cable_tbt3_driv.o
 .text.vdm_cable_tbt3_sm
                0x0000617c       0x68 ./COMMON/tcpd/cable_tbt3_driv.o
 .text.vdm_cable_tbt3_active
                0x000061e4       0x28 ./COMMON/tcpd/cable_tbt3_driv.o
 .text.vdm_cable_tbt3_set_active
                0x0000620c       0x34 ./COMMON/tcpd/cable_tbt3_driv.o
 .text.vdm_cable_tbt3_process_partner
                0x00006240       0x7c ./COMMON/tcpd/cable_tbt3_driv.o
 .text.vdm_cable_tbt3_reset
                0x000062bc       0x58 ./COMMON/tcpd/cable_tbt3_driv.o
 .text.event_subscribe
                0x00006314       0x3c ./COMMON/tcpd/observer.o
                0x00006314                event_subscribe
 .text.event_notify
                0x00006350       0x3c ./COMMON/tcpd/observer.o
                0x00006350                event_notify
 .text.port_pd_ver
                0x0000638c       0x34 ./COMMON/tcpd/policy.o
 .text.port_vbus_in_range
                0x000063c0       0x40 ./COMMON/tcpd/policy.o
 .text.port_vbus_vsafe0v
                0x00006400       0x20 ./COMMON/tcpd/policy.o
 .text.port_vbus_vsafe5v
                0x00006420       0x28 ./COMMON/tcpd/policy.o
 .text.policy_state_ready
                0x00006448       0x24 ./COMMON/tcpd/policy.o
 .text.policy_state_send_soft_reset
                0x0000646c       0x24 ./COMMON/tcpd/policy.o
 .text.policy_state_transition_to_default
                0x00006490       0x24 ./COMMON/tcpd/policy.o
 .text.policy_state_is_ready
                0x000064b4       0x32 ./COMMON/tcpd/policy.o
 *fill*         0x000064e6        0x2 
 .text.policy_state_send_drswap
                0x000064e8       0x30 ./COMMON/tcpd/policy.o
 .text.policy_state_evaluate_drswap
                0x00006518       0x30 ./COMMON/tcpd/policy.o
 .text.policy_state_send_vconn_swap
                0x00006548       0x30 ./COMMON/tcpd/policy.o
 .text.policy_state_evaluate_vconn_swap
                0x00006578       0x30 ./COMMON/tcpd/policy.o
 .text.policy_set_state_func
                0x000065a8      0x15c ./COMMON/tcpd/policy.o
                0x000065a8                policy_set_state_func
 .text.pps_enable_monitor
                0x00006704       0x3a ./COMMON/tcpd/policy.o
 *fill*         0x0000673e        0x2 
 .text.pps_set_alarm
                0x00006740       0x8c ./COMMON/tcpd/policy.o
 .text.policy_reset
                0x000067cc      0x500 ./COMMON/tcpd/policy.o
                0x000067cc                policy_reset
 .text.policy_reset_message_queue
                0x00006ccc       0xa4 ./COMMON/tcpd/policy.o
                0x00006ccc                policy_reset_message_queue
 .text.policy_pd_enable
                0x00006d70      0x278 ./COMMON/tcpd/policy.o
                0x00006d70                policy_pd_enable
 .text.policy_pd_disable
                0x00006fe8       0x38 ./COMMON/tcpd/policy.o
                0x00006fe8                policy_pd_disable
 .text.policy_set_send_soft_reset
                0x00007020       0x30 ./COMMON/tcpd/policy.o
 .text.policy_send
                0x00007050      0x13c ./COMMON/tcpd/policy.o
                0x00007050                policy_send
 .text.policy_send_vdm
                0x0000718c       0x88 ./COMMON/tcpd/policy.o
 .text.policy_send_notsupported
                0x00007214       0x3c ./COMMON/tcpd/policy.o
 .text.policy_receive_hardreset
                0x00007250       0x64 ./COMMON/tcpd/policy.o
                0x00007250                policy_receive_hardreset
 .text.policy_send_source_hardreset
                0x000072b4       0x30 ./COMMON/tcpd/policy.o
                0x000072b4                policy_send_source_hardreset
 .text.policy_send_sink_hardreset
                0x000072e4       0x30 ./COMMON/tcpd/policy.o
 .text.policy_check_comm_allowed
                0x00007314       0xc8 ./COMMON/tcpd/policy.o
 .text.policy_check_vdm_resp_allowed
                0x000073dc       0x56 ./COMMON/tcpd/policy.o
 .text.policy_check_vdm_requires_response
                0x00007432       0x3e ./COMMON/tcpd/policy.o
 .text.policy_check_pps_change
                0x00007470       0x80 ./COMMON/tcpd/policy.o
 .text.policy_set_vconn
                0x000074f0       0x44 ./COMMON/tcpd/policy.o
 .text.policy_set_dfp
                0x00007534       0x54 ./COMMON/tcpd/policy.o
 .text.policy_set_pd_source
                0x00007588       0x34 ./COMMON/tcpd/policy.o
 .text.policy_set_port_roles
                0x000075bc       0x38 ./COMMON/tcpd/policy.o
 .text.policy_set_partner_cap
                0x000075f4       0xac ./COMMON/tcpd/policy.o
 .text.policy_process_cable_reset
                0x000076a0      0x11c ./COMMON/tcpd/policy.o
 .text.policy_process_bist_message
                0x000077bc       0xc2 ./COMMON/tcpd/policy.o
 .text.policy_process_vdmrx_engine
                0x0000787e       0x98 ./COMMON/tcpd/policy.o
 *fill*         0x00007916        0x2 
 .text.policy_process_vdm_auto_discv
                0x00007918       0xdc ./COMMON/tcpd/policy.o
 .text.policy_process_vdmrx
                0x000079f4      0x458 ./COMMON/tcpd/policy.o
 .text.policy_state_give_vdm
                0x00007e4c      0x3cc ./COMMON/tcpd/policy.o
 .text.policy_state_disabled
                0x00008218       0x32 ./COMMON/tcpd/policy.o
 *fill*         0x0000824a        0x2 
 .text.policy_state_source_startup
                0x0000824c      0x1c4 ./COMMON/tcpd/policy.o
 .text.policy_state_source_cable_query
                0x00008410      0x608 ./COMMON/tcpd/policy.o
 .text.policy_state_source_discovery
                0x00008a18      0x120 ./COMMON/tcpd/policy.o
 .text.policy_process_source_capibilties
                0x00008b38      0x290 ./COMMON/tcpd/policy.o
 .text.policy_state_source_give_source_capabilities
                0x00008dc8      0x218 ./COMMON/tcpd/policy.o
 .text.policy_state_source_send_capabilities
                0x00008fe0      0x3ec ./COMMON/tcpd/policy.o
 .text.policy_state_source_transition_supply
                0x000093cc      0x594 ./COMMON/tcpd/policy.o
 .text.policy_state_source_transition_default
                0x00009960      0x1b8 ./COMMON/tcpd/policy.o
 .text.policy_state_source_negotiate_capability
                0x00009b18       0xa8 ./COMMON/tcpd/policy.o
 .text.policy_state_source_capability_response
                0x00009bc0       0x9c ./COMMON/tcpd/policy.o
 .text.policy_state_source_get_sink_cap
                0x00009c5c      0x1fc ./COMMON/tcpd/policy.o
 .text.policy_state_source_give_sink_cap
                0x00009e58       0xfa ./COMMON/tcpd/policy.o
 *fill*         0x00009f52        0x2 
 .text.policy_state_source_get_sourcecap
                0x00009f54      0x17c ./COMMON/tcpd/policy.o
 .text.policy_state_source_send_ping
                0x0000a0d0       0x34 ./COMMON/tcpd/policy.o
 .text.policy_state_source_send_drswap
                0x0000a104      0x20c ./COMMON/tcpd/policy.o
 .text.policy_state_source_evaluate_drswap
                0x0000a310      0x140 ./COMMON/tcpd/policy.o
 .text.policy_state_source_send_vconn_swap
                0x0000a450      0x2dc ./COMMON/tcpd/policy.o
 .text.policy_state_source_evaluate_vconn_swap
                0x0000a72c      0x228 ./COMMON/tcpd/policy.o
 .text.policy_state_source_send_prswap
                0x0000a954      0x418 ./COMMON/tcpd/policy.o
 .text.policy_state_source_evaluate_prswap
                0x0000ad6c      0x400 ./COMMON/tcpd/policy.o
 .text.policy_state_source_wait_new_capabilities
                0x0000b16c       0x70 ./COMMON/tcpd/policy.o
 .text.policy_state_chunking_not_supported
                0x0000b1dc       0xcc ./COMMON/tcpd/policy.o
 .text.policy_state_source_send_softreset
                0x0000b2a8      0x120 ./COMMON/tcpd/policy.o
 .text.policy_state_source_softreset
                0x0000b3c8       0x6c ./COMMON/tcpd/policy.o
 .text.policy_state_send_enter_usb
                0x0000b434      0x4e4 ./COMMON/tcpd/policy.o
 .text.policy_state_process_enter_usb
                0x0000b918      0x1a0 ./COMMON/tcpd/policy.o
 .text.policy_state_source_give_pps_status
                0x0000bab8       0xa4 ./COMMON/tcpd/policy.o
 .text.policy_state_sink_get_source_info
                0x0000bb5c      0x174 ./COMMON/tcpd/policy.o
 .text.policy_state_source_give_source_info
                0x0000bcd0       0x9c ./COMMON/tcpd/policy.o
 .text.policy_state_get_revision
                0x0000bd6c      0x18c ./COMMON/tcpd/policy.o
 .text.policy_state_give_revision
                0x0000bef8       0xbe ./COMMON/tcpd/policy.o
 .text.policy_state_give_status
                0x0000bfb6       0xe4 ./COMMON/tcpd/policy.o
 .text.least_significant_bit
                0x0000c09a       0x62 ./COMMON/tcpd/policy.o
 .text.policy_process_tx_req
                0x0000c0fc      0x1f0 ./COMMON/tcpd/policy.o
 .text.policy_usb4_action_center
                0x0000c2ec      0x19a ./COMMON/tcpd/policy.o
 *fill*         0x0000c486        0x2 
 .text.source_vif_message_requests
                0x0000c488      0x110 ./COMMON/tcpd/policy.o
 .text.policy_state_source_ready
                0x0000c598      0x348 ./COMMON/tcpd/policy.o
 .text.policy_state_sink_startup
                0x0000c8e0      0x12c ./COMMON/tcpd/policy.o
 .text.policy_state_sink_softreset
                0x0000ca0c       0xb0 ./COMMON/tcpd/policy.o
 .text.policy_state_sink_send_softreset
                0x0000cabc      0x16c ./COMMON/tcpd/policy.o
 .text.policy_state_sink_transitiondefault
                0x0000cc28      0x1f8 ./COMMON/tcpd/policy.o
 .text.policy_state_sink_discovery
                0x0000ce20       0x38 ./COMMON/tcpd/policy.o
 .text.policy_state_sink_waitcaps
                0x0000ce58      0x1f8 ./COMMON/tcpd/policy.o
 .text.policy_sink_max_power_pdo
                0x0000d050      0x248 ./COMMON/tcpd/policy.o
 .text.policy_state_sink_evaluate_caps
                0x0000d298      0x8c4 ./COMMON/tcpd/policy.o
 .text.policy_state_sink_select_capability
                0x0000db5c      0x3c4 ./COMMON/tcpd/policy.o
 .text.policy_state_sink_transition_sink
                0x0000df20      0x1f0 ./COMMON/tcpd/policy.o
 .text.policy_state_sink_get_sink_cap
                0x0000e110      0x164 ./COMMON/tcpd/policy.o
 .text.policy_state_sink_give_sink_cap
                0x0000e274      0x16e ./COMMON/tcpd/policy.o
 *fill*         0x0000e3e2        0x2 
 .text.policy_state_sink_get_source_cap
                0x0000e3e4      0x184 ./COMMON/tcpd/policy.o
 .text.policy_state_sink_give_sourcecap
                0x0000e568       0xfa ./COMMON/tcpd/policy.o
 *fill*         0x0000e662        0x2 
 .text.policy_state_give_extended_sink_cap
                0x0000e664      0x1a4 ./COMMON/tcpd/policy.o
 .text.policy_state_sink_send_drswap
                0x0000e808      0x204 ./COMMON/tcpd/policy.o
 .text.policy_state_sink_evaluate_drswap
                0x0000ea0c      0x120 ./COMMON/tcpd/policy.o
 .text.policy_state_sink_send_vconnswap
                0x0000eb2c      0x2a4 ./COMMON/tcpd/policy.o
 .text.policy_state_sink_evaluate_vconnswap
                0x0000edd0      0x23c ./COMMON/tcpd/policy.o
 .text.policy_state_sink_sendprswap
                0x0000f00c      0x308 ./COMMON/tcpd/policy.o
 .text.policy_state_sink_evaluate_prswap
                0x0000f314      0x2b4 ./COMMON/tcpd/policy.o
 .text.sink_vif_message_requests
                0x0000f5c8       0xf4 ./COMMON/tcpd/policy.o
 .text.policy_state_sink_ready
                0x0000f6bc      0x338 ./COMMON/tcpd/policy.o
 .text.policy_state_get_pps_status
                0x0000f9f4      0x15c ./COMMON/tcpd/policy.o
 .text.policy_state_get_status
                0x0000fb50      0x1bc ./COMMON/tcpd/policy.o
 .text.policy_state_get_battery_cap
                0x0000fd0c      0x208 ./COMMON/tcpd/policy.o
 .text.policy_state_get_sourcecap_extended
                0x0000ff14      0x1b0 ./COMMON/tcpd/policy.o
 .text.policy_state_get_sinkcap_extended
                0x000100c4      0x214 ./COMMON/tcpd/policy.o
 .text.policy_state_give_extended_cap
                0x000102d8      0x152 ./COMMON/tcpd/policy.o
 *fill*         0x0001042a        0x2 
 .text.policy_state_dfp_execute_data_reset
                0x0001042c      0x300 ./COMMON/tcpd/policy.o
 .text.policy_state_ufp_execute_data_reset
                0x0001072c      0x254 ./COMMON/tcpd/policy.o
 .text.policy_state_send_data_reset
                0x00010980      0x1fc ./COMMON/tcpd/policy.o
 .text.policy_state_evaluate_data_reset
                0x00010b7c      0x120 ./COMMON/tcpd/policy.o
 .text.policy_state_give_manufacture_info
                0x00010c9c      0x29c ./COMMON/tcpd/policy.o
 .text.policy_state_give_battery_status
                0x00010f38      0x16a ./COMMON/tcpd/policy.o
 *fill*         0x000110a2        0x2 
 .text.policy_state_get_battery_status
                0x000110a4      0x2fc ./COMMON/tcpd/policy.o
 .text.policy_state_give_battery_capabilites
                0x000113a0      0x16e ./COMMON/tcpd/policy.o
 *fill*         0x0001150e        0x2 
 .text.policy_state_give_alert
                0x00011510       0xec ./COMMON/tcpd/policy.o
 .text.policy_state_process_alert
                0x000115fc      0x10a ./COMMON/tcpd/policy.o
 .text.policy_state_error_recovery
                0x00011706       0x2e ./COMMON/tcpd/policy.o
 .text.policy_state_not_supported
                0x00011734       0x26 ./COMMON/tcpd/policy.o
 .text.policy_state_send_hardreset
                0x0001175a       0x96 ./COMMON/tcpd/policy.o
 .text.policy_state_send_cblrst
                0x000117f0       0x90 ./COMMON/tcpd/policy.o
 .text.policy_state_notsupported
                0x00011880       0xd0 ./COMMON/tcpd/policy.o
 .text.policy_state_send_cable_softreset
                0x00011950      0x14c ./COMMON/tcpd/policy.o
 .text.policy_state_send_cable_hardreset
                0x00011a9c       0x20 ./COMMON/tcpd/policy.o
 .text.policy_state_bist_carriermode
                0x00011abc       0xe4 ./COMMON/tcpd/policy.o
 .text.policy_state_bist_test_data
                0x00011ba0       0x1a ./COMMON/tcpd/policy.o
 *fill*         0x00011bba        0x2 
 .text.policy_state_invalid
                0x00011bbc       0x30 ./COMMON/tcpd/policy.o
                0x00011bbc                policy_state_invalid
 .text.policy_state_send_generic_cmd
                0x00011bec       0x68 ./COMMON/tcpd/policy.o
 .text.policy_state_send_generic_data
                0x00011c54      0x138 ./COMMON/tcpd/policy.o
 .text.policy_state_get_fw_id_resp
                0x00011d8c       0xbe ./COMMON/tcpd/policy.o
 .text.policy_state_fw_update_resp
                0x00011e4a       0x40 ./COMMON/tcpd/policy.o
 *fill*         0x00011e8a        0x2 
 .text.policy_engine
                0x00011e8c       0x30 ./COMMON/tcpd/policy.o
                0x00011e8c                policy_engine
 .text.port_pd_ver
                0x00011ebc       0x34 ./COMMON/tcpd/protocol.o
 .text.protocol_set_state_func
                0x00011ef0       0x2a ./COMMON/tcpd/protocol.o
 *fill*         0x00011f1a        0x2 
 .text.protocol_reset_sop1
                0x00011f1c       0x38 ./COMMON/tcpd/protocol.o
 .text.protocol_reset_sop2
                0x00011f54       0x38 ./COMMON/tcpd/protocol.o
 .text.protocol_reset_sop0
                0x00011f8c       0x38 ./COMMON/tcpd/protocol.o
 .text.protocol_reset_sop
                0x00011fc4       0x42 ./COMMON/tcpd/protocol.o
                0x00011fc4                protocol_reset_sop
 *fill*         0x00012006        0x2 
 .text.reset_protocol_variables
                0x00012008       0x64 ./COMMON/tcpd/protocol.o
                0x00012008                reset_protocol_variables
 .text.protocol_reset
                0x0001206c       0x68 ./COMMON/tcpd/protocol.o
                0x0001206c                protocol_reset
 .text.protocol_check_rx_hardreset
                0x000120d4       0x50 ./COMMON/tcpd/protocol.o
 .text.protocol_check_ext_msg_completion
                0x00012124       0x60 ./COMMON/tcpd/protocol.o
 .text.protocol_tx_hardreset
                0x00012184       0x44 ./COMMON/tcpd/protocol.o
                0x00012184                protocol_tx_hardreset
 .text.protocol_rx_packet
                0x000121c8      0x374 ./COMMON/tcpd/protocol.o
 .text.protocol_tx_packet
                0x0001253c      0x4a8 ./COMMON/tcpd/protocol.o
 .text.protocol_copy_extended_message
                0x000129e4      0x17c ./COMMON/tcpd/protocol.o
 .text.protocol_copy_data_message
                0x00012b60       0xdc ./COMMON/tcpd/protocol.o
 .text.protocol_send
                0x00012c3c      0x264 ./COMMON/tcpd/protocol.o
                0x00012c3c                protocol_send
 .text.protocol_receive
                0x00012ea0      0x100 ./COMMON/tcpd/protocol.o
                0x00012ea0                protocol_receive
 .text.protocol_state_idle
                0x00012fa0       0xc4 ./COMMON/tcpd/protocol.o
 .text.protocol_state_tx_wait
                0x00013064       0x54 ./COMMON/tcpd/protocol.o
 .text.protocol_state_resetwait
                0x000130b8       0x62 ./COMMON/tcpd/protocol.o
 *fill*         0x0001311a        0x2 
 .text.protocol_state_sending_message
                0x0001311c      0x14c ./COMMON/tcpd/protocol.o
 .text.protocol_engine
                0x00013268       0x60 ./COMMON/tcpd/protocol.o
                0x00013268                protocol_engine
 .text.vdm_pd_process_partner_discv_id
                0x000132c8      0x630 ./COMMON/tcpd/svid_driv.o
 .text.vdm_pd_process_partner_disc_svid
                0x000138f8      0x360 ./COMMON/tcpd/svid_driv.o
 .text.vdm_pd_partner_nak
                0x00013c58      0x104 ./COMMON/tcpd/svid_driv.o
 .text.vdm_pd_process_partner
                0x00013d5c       0x7e ./COMMON/tcpd/svid_driv.o
 *fill*         0x00013dda        0x2 
 .text.vdm_pd_request_discv_id
                0x00013ddc       0xcc ./COMMON/tcpd/svid_driv.o
 .text.vdm_pd_request_discv_svid
                0x00013ea8       0xcc ./COMMON/tcpd/svid_driv.o
 .text.vdm_pd_sm
                0x00013f74       0x84 ./COMMON/tcpd/svid_driv.o
 .text.vdm_pd_active
                0x00013ff8       0x28 ./COMMON/tcpd/svid_driv.o
 .text.vdm_pd_set_active
                0x00014020       0x34 ./COMMON/tcpd/svid_driv.o
 .text.vdm_pd_reset
                0x00014054       0x58 ./COMMON/tcpd/svid_driv.o
 .text.port_vbus_in_range
                0x000140ac       0x40 ./COMMON/tcpd/typec.o
 .text.port_vbus_above
                0x000140ec       0x32 ./COMMON/tcpd/typec.o
 .text.port_vbus_vsafe0v
                0x0001411e       0x20 ./COMMON/tcpd/typec.o
 *fill*         0x0001413e        0x2 
 .text.port_vbus_sink_min
                0x00014140       0x28 ./COMMON/tcpd/typec.o
 .text.port_vbus_vsafe5v
                0x00014168       0x28 ./COMMON/tcpd/typec.o
 .text.typec_set_state_func
                0x00014190       0x36 ./COMMON/tcpd/typec.o
 *fill*         0x000141c6        0x2 
 .text.typec_reset_debounce
                0x000141c8       0x7c ./COMMON/tcpd/typec.o
 .text.typec_set_cc_pin
                0x00014244       0xb0 ./COMMON/tcpd/typec.o
 .text.typec_reset
                0x000142f4       0xc4 ./COMMON/tcpd/typec.o
                0x000142f4                typec_reset
 .text.typec_clear_state
                0x000143b8       0x58 ./COMMON/tcpd/typec.o
 .text.typec_set_source
                0x00014410       0x24 ./COMMON/tcpd/typec.o
 .text.typec_set_sink
                0x00014434       0x24 ./COMMON/tcpd/typec.o
 .text.typec_role_swap_to_sink
                0x00014458       0xe0 ./COMMON/tcpd/typec.o
                0x00014458                typec_role_swap_to_sink
 .text.typec_role_swap_to_source
                0x00014538       0xd0 ./COMMON/tcpd/typec.o
                0x00014538                typec_role_swap_to_source
 .text.typec_set_attach_wait_source
                0x00014608       0x64 ./COMMON/tcpd/typec.o
                0x00014608                typec_set_attach_wait_source
 .text.typec_set_attached_source
                0x0001466c       0xe0 ./COMMON/tcpd/typec.o
                0x0001466c                typec_set_attached_source
 .text.typec_set_unoriented_debug_acc_source
                0x0001474c       0x78 ./COMMON/tcpd/typec.o
                0x0001474c                typec_set_unoriented_debug_acc_source
 .text.typec_set_oriented_debug_acc_source
                0x000147c4       0x38 ./COMMON/tcpd/typec.o
                0x000147c4                typec_set_oriented_debug_acc_source
 .text.typec_set_attach_wait_sink
                0x000147fc       0x54 ./COMMON/tcpd/typec.o
                0x000147fc                typec_set_attach_wait_sink
 .text.typec_set_attached_sink
                0x00014850       0xe0 ./COMMON/tcpd/typec.o
                0x00014850                typec_set_attached_sink
 .text.typec_set_debug_acc_sink
                0x00014930       0x2e ./COMMON/tcpd/typec.o
                0x00014930                typec_set_debug_acc_sink
 .text.typec_set_attach_wait_acc
                0x0001495e       0x40 ./COMMON/tcpd/typec.o
                0x0001495e                typec_set_attach_wait_acc
 *fill*         0x0001499e        0x2 
 .text.typec_set_powered_acc
                0x000149a0       0xc4 ./COMMON/tcpd/typec.o
                0x000149a0                typec_set_powered_acc
 .text.typec_set_unsupported_acc
                0x00014a64       0x72 ./COMMON/tcpd/typec.o
                0x00014a64                typec_set_unsupported_acc
 .text.typec_set_try_sink
                0x00014ad6       0x42 ./COMMON/tcpd/typec.o
                0x00014ad6                typec_set_try_sink
 .text.typec_set_try_wait_sink
                0x00014b18       0x74 ./COMMON/tcpd/typec.o
                0x00014b18                typec_set_try_wait_sink
 .text.typec_set_try_source
                0x00014b8c       0x6c ./COMMON/tcpd/typec.o
                0x00014b8c                typec_set_try_source
 .text.typec_set_try_wait_source
                0x00014bf8       0x4c ./COMMON/tcpd/typec.o
                0x00014bf8                typec_set_try_wait_source
 .text.typec_set_disabled
                0x00014c44       0x40 ./COMMON/tcpd/typec.o
                0x00014c44                typec_set_disabled
 .text.typec_set_error_recovery
                0x00014c84       0x52 ./COMMON/tcpd/typec.o
                0x00014c84                typec_set_error_recovery
 .text.typec_set_audio_acc
                0x00014cd6       0x2e ./COMMON/tcpd/typec.o
                0x00014cd6                typec_set_audio_acc
 .text.typec_set_unattached
                0x00014d04      0x150 ./COMMON/tcpd/typec.o
                0x00014d04                typec_set_unattached
 .text.typec_debounce_cc
                0x00014e54      0x17c ./COMMON/tcpd/typec.o
 .text.typec_state_source_unattached_wait
                0x00014fd0       0x26 ./COMMON/tcpd/typec.o
 *fill*         0x00014ff6        0x2 
 .text.typec_state_source_attach_wait
                0x00014ff8      0x10c ./COMMON/tcpd/typec.o
 .text.typec_state_source_attached
                0x00015104      0x14c ./COMMON/tcpd/typec.o
 .text.typec_state_source_unoriented_dbgacc
                0x00015250       0x90 ./COMMON/tcpd/typec.o
 .text.typec_state_source_oriented_dbgacc
                0x000152e0       0x3c ./COMMON/tcpd/typec.o
 .text.typec_state_sink_attach_wait_acc
                0x0001531c       0xec ./COMMON/tcpd/typec.o
 .text.typec_state_sink_attach_wait
                0x00015408      0x110 ./COMMON/tcpd/typec.o
 .text.typec_state_sink_attached
                0x00015518      0x1f8 ./COMMON/tcpd/typec.o
 .text.typec_state_sink_dbgacc
                0x00015710       0xb0 ./COMMON/tcpd/typec.o
 .text.typec_state_powered_acc
                0x000157c0       0x74 ./COMMON/tcpd/typec.o
 .text.typec_state_unsupported_acc
                0x00015834       0x30 ./COMMON/tcpd/typec.o
 .text.typec_state_source_try_wait_sink
                0x00015864       0x80 ./COMMON/tcpd/typec.o
 .text.typec_state_sink_try_source
                0x000158e4       0xa0 ./COMMON/tcpd/typec.o
 .text.typec_state_source_try_sink
                0x00015984      0x14c ./COMMON/tcpd/typec.o
 .text.typec_state_sink_try_wait_source
                0x00015ad0       0x80 ./COMMON/tcpd/typec.o
 .text.typec_state_audio_acc
                0x00015b50       0x3c ./COMMON/tcpd/typec.o
 .text.typec_state_disabled
                0x00015b8c       0x20 ./COMMON/tcpd/typec.o
 .text.typec_state_error_recovery
                0x00015bac       0x30 ./COMMON/tcpd/typec.o
 .text.typec_state_unattached
                0x00015bdc      0x1f4 ./COMMON/tcpd/typec.o
 .text.typec_sm
                0x00015dd0       0x68 ./COMMON/tcpd/typec.o
                0x00015dd0                typec_sm
 .text.vdm_list_register
                0x00015e38       0x6c ./COMMON/tcpd/vdm.o
                0x00015e38                vdm_list_register
 .text.vdm_list_find_svid
                0x00015ea4       0x88 ./COMMON/tcpd/vdm.o
                0x00015ea4                vdm_list_find_svid
 .text.vdm_list_reset_all
                0x00015f2c       0xe4 ./COMMON/tcpd/vdm.o
                0x00015f2c                vdm_list_reset_all
 .text.vdm_list_run_active
                0x00016010       0xcc ./COMMON/tcpd/vdm.o
                0x00016010                vdm_list_run_active
 .text.vdm_disable_driver
                0x000160dc       0x90 ./COMMON/tcpd/vdm.o
                0x000160dc                vdm_disable_driver
 .text.vdm_enable_driver
                0x0001616c       0x90 ./COMMON/tcpd/vdm.o
                0x0001616c                vdm_enable_driver
 .text.vdm_disable_all
                0x000161fc       0x5c ./COMMON/tcpd/vdm.o
                0x000161fc                vdm_disable_all
 .text.update_svdm_version_minor
                0x00016258       0x2c ./COMMON/tcpd/vdm.o
                0x00016258                update_svdm_version_minor
 .text.port_pd_ver
                0x00016284       0x34 ./COMMON/intf/dev_tcpd.o
 .text.dev_tcpd_port_sinktx_state
                0x000162b8       0x3c ./COMMON/intf/dev_tcpd.o
                0x000162b8                dev_tcpd_port_sinktx_state
 .text.dev_tcpd_port_set_sinktx
                0x000162f4       0x7c ./COMMON/intf/dev_tcpd.o
                0x000162f4                dev_tcpd_port_set_sinktx
 .text.dev_tcpd_port_set_vconn
                0x00016370       0xc8 ./COMMON/intf/dev_tcpd.o
                0x00016370                dev_tcpd_port_set_vconn
 .text.dev_tcpd_port_pd_set_sop_ver
                0x00016438       0x30 ./COMMON/intf/dev_tcpd.o
                0x00016438                dev_tcpd_port_pd_set_sop_ver
 .text.dev_tcpd_port_pd_set_cable_ver
                0x00016468       0x2a ./COMMON/intf/dev_tcpd.o
                0x00016468                dev_tcpd_port_pd_set_cable_ver
 .text.dev_tcpd_port_pd_set_ver
                0x00016492       0x8e ./COMMON/intf/dev_tcpd.o
                0x00016492                dev_tcpd_port_pd_set_ver
 .text.dev_tcpd_port_vbus_src
                0x00016520       0x8c ./COMMON/intf/dev_tcpd.o
                0x00016520                dev_tcpd_port_vbus_src
 .text.dev_tcpd_port_vbus_snk
                0x000165ac       0xba ./COMMON/intf/dev_tcpd.o
                0x000165ac                dev_tcpd_port_vbus_snk
 .text.dev_tcpd_port_vbus_init
                0x00016666       0x4c ./COMMON/intf/dev_tcpd.o
                0x00016666                dev_tcpd_port_vbus_init
 *fill*         0x000166b2        0x2 
 .text.port_max_cable_current
                0x000166b4       0x34 ./COMMON/intf/dev_tcpd.o
                0x000166b4                port_max_cable_current
 .text.dpm_dcdc_init
                0x000166e8       0x34 ./COMMON/intf/port_dcdc.o
                0x000166e8                dpm_dcdc_init
 .text.port_dcdc_dev_init
                0x0001671c       0x20 ./COMMON/intf/port_dcdc.o
                0x0001671c                port_dcdc_dev_init
 .text.port_dc_dc_set
                0x0001673c       0x32 ./COMMON/intf/port_dcdc.o
                0x0001673c                port_dc_dc_set
 .text.port_dc_dc_delayed_disable
                0x0001676e       0x2a ./COMMON/intf/port_dcdc.o
                0x0001676e                port_dc_dc_delayed_disable
 .text.port_dc_dc_enable
                0x00016798       0x34 ./COMMON/intf/port_dcdc.o
                0x00016798                port_dc_dc_enable
 .text.port_dc_dc_delayed_vbus_write
                0x000167cc       0x32 ./COMMON/intf/port_dcdc.o
                0x000167cc                port_dc_dc_delayed_vbus_write
 .text.port_process_dc_dc
                0x000167fe       0x1c ./COMMON/intf/port_dcdc.o
                0x000167fe                port_process_dc_dc
 *fill*         0x0001681a        0x2 
 .text.dpm_port_init
                0x0001681c       0x5c ./COMMON/intf/port_tcpd.o
                0x0001681c                dpm_port_init
 .text.port_tcpd_init
                0x00016878       0x64 ./COMMON/intf/port_tcpd.o
                0x00016878                port_tcpd_init
 .text.port_set_error_recovery
                0x000168dc       0x1e ./COMMON/intf/port_tcpd.o
                0x000168dc                port_set_error_recovery
 .text.port_set_disabled
                0x000168fa       0x1e ./COMMON/intf/port_tcpd.o
                0x000168fa                port_set_disabled
 .text.port_yield
                0x00016918       0x4c ./COMMON/intf/port_tcpd.o
                0x00016918                port_yield
 .text.port_sm  0x00016964       0x1e ./COMMON/intf/port_tcpd.o
                0x00016964                port_sm
 .text.port_sink_selected_voltage
                0x00016982       0x1e ./COMMON/intf/port_tcpd.o
                0x00016982                port_sink_selected_voltage
 .text.i2c_master_write_cb
                0x000169a0       0x20 ./COMMON/dcdc/dc_dc_board.o
 .text.i2c_master_read_cb
                0x000169c0       0x20 ./COMMON/dcdc/dc_dc_board.o
 .text.dc_dc_init
                0x000169e0      0x114 ./COMMON/dcdc/dc_dc_board.o
                0x000169e0                dc_dc_init
 .text.dc_dc_set
                0x00016af4       0xe8 ./COMMON/dcdc/dc_dc_board.o
                0x00016af4                dc_dc_set
 .text.dc_dc_delayed_disable
                0x00016bdc       0x26 ./COMMON/dcdc/dc_dc_board.o
                0x00016bdc                dc_dc_delayed_disable
 .text.dc_dc_delayed_vbus_write
                0x00016c02       0x36 ./COMMON/dcdc/dc_dc_board.o
                0x00016c02                dc_dc_delayed_vbus_write
 .text.dc_dc_enable
                0x00016c38       0xac ./COMMON/dcdc/dc_dc_board.o
                0x00016c38                dc_dc_enable
 .text.dc_dc_enabled
                0x00016ce4       0x2e ./COMMON/dcdc/dc_dc_board.o
                0x00016ce4                dc_dc_enabled
 *fill*         0x00016d12        0x2 
 .text.dc_dc_read_status
                0x00016d14       0x68 ./COMMON/dcdc/dc_dc_board.o
                0x00016d14                dc_dc_read_status
 .text.dc_dc_processing
                0x00016d7c       0x3c ./COMMON/dcdc/dc_dc_board.o
                0x00016d7c                dc_dc_processing
 .text.port_processing_dc_dc
                0x00016db8      0x1dc ./COMMON/dcdc/dc_dc_board.o
                0x00016db8                port_processing_dc_dc
 .text.enable_i2c_clock
                0x00016f94       0x88 ./COMMON/dcdc/dc_dc_board.o
                0x00016f94                enable_i2c_clock
 .text.port_dcdc_master_init
                0x0001701c      0x140 ./COMMON/dcdc/dc_dc_board.o
                0x0001701c                port_dcdc_master_init
 .text.dpm_vbus_monitor_set_pps_cv
                0x0001715c       0x40 ./dpm.o
                0x0001715c                dpm_vbus_monitor_set_pps_cv
 .text.dpm_vbus_monitor_set_pps_cl
                0x0001719c       0x48 ./dpm.o
                0x0001719c                dpm_vbus_monitor_set_pps_cl
 .text.dpm_init
                0x000171e4      0x170 ./dpm.o
                0x000171e4                dpm_init
 .text.dpm_device_init
                0x00017354       0x24 ./dpm.o
                0x00017354                dpm_device_init
 .text.dpm_pps_monitor
                0x00017378      0x140 ./dpm.o
                0x00017378                dpm_pps_monitor
 .text.dpm_typec_fault_detection
                0x000174b8       0x46 ./dpm.o
                0x000174b8                dpm_typec_fault_detection
 *fill*         0x000174fe        0x2 
 .text.dpm_exec
                0x00017500       0xac ./dpm.o
                0x00017500                dpm_exec
 .text.dpm_event_pd_get_pps_status
                0x000175ac       0x74 ./dpm_callbacks.o
 .text.dpm_event_set_pps_monitor_cb
                0x00017620       0x2a ./dpm_callbacks.o
 .text.dpm_event_set_pps_alarm_cb
                0x0001764a       0x2e ./dpm_callbacks.o
 .text.dpm_event_vbus_req_cb
                0x00017678       0x98 ./dpm_callbacks.o
                0x00017678                dpm_event_vbus_req_cb
 .text.dpm_event_pd_get_src_cap
                0x00017710      0x202 ./dpm_callbacks.o
 .text.dpm_event_pd_get_snk_cap
                0x00017912      0x202 ./dpm_callbacks.o
 .text.dpm_event_pd_req_cb
                0x00017b14      0x46c ./dpm_callbacks.o
 .text.dpm_event_fw_id_cb
                0x00017f80      0x154 ./dpm_callbacks.o
 .text.dpm_event_fw_initiate_cb
                0x000180d4       0xc4 ./dpm_callbacks.o
 .text.dpm_event_error_recovery
                0x00018198       0x26 ./dpm_callbacks.o
 .text.dpm_event_pd_give_source_info
                0x000181be       0xb4 ./dpm_callbacks.o
 .text.dpm_event_pd_give_revision
                0x00018272       0xb0 ./dpm_callbacks.o
 *fill*         0x00018322        0x2 
 .text.dpm_event_data_reset_exit_cb
                0x00018324       0x78 ./dpm_callbacks.o
 .text.dpm_event_enter_usb_received_cb
                0x0001839c       0x32 ./dpm_callbacks.o
 *fill*         0x000183ce        0x2 
 .text.dpm_event_enter_usb_request_cb
                0x000183d0      0x224 ./dpm_callbacks.o
 .text.dpm_event_pps_cl
                0x000185f4       0x2e ./dpm_callbacks.o
 *fill*         0x00018622        0x2 
 .text.dpm_event_pd_get_alert_req
                0x00018624       0x40 ./dpm_callbacks.o
 .text.dpm_event_tx_req_cb
                0x00018664       0x18 ./dpm_callbacks.o
 .text.dpm_register_callbacks
                0x0001867c      0x108 ./dpm_callbacks.o
                0x0001867c                dpm_register_callbacks
 .text.fw_version_check
                0x00018784       0x98 ./dpm_util.o
                0x00018784                fw_version_check
 .text.enable_swd
                0x0001881c       0x16 ./dpm_util.o
                0x0001881c                enable_swd
 .text.dpm_vbus_valid
                0x00018832       0x4e ./dpm_util.o
                0x00018832                dpm_vbus_valid
 .text.SysTick_Handler
                0x00018880        0xa ./fusb15200_it.o
                0x00018880                SysTick_Handler
 .text.GPIO_IRQHandler
                0x0001888a        0xa ./fusb15200_it.o
                0x0001888a                GPIO_IRQHandler
 .text.WUT_IRQHandler
                0x00018894       0x20 ./fusb15200_it.o
                0x00018894                WUT_IRQHandler
 .text.I2C1_IRQHandler
                0x000188b4       0x18 ./fusb15200_it.o
                0x000188b4                I2C1_IRQHandler
 .text.I2C2_IRQHandler
                0x000188cc       0x18 ./fusb15200_it.o
                0x000188cc                I2C2_IRQHandler
 .text.I2C3_IRQHandler
                0x000188e4       0x18 ./fusb15200_it.o
                0x000188e4                I2C3_IRQHandler
 .text.I2C4_IRQHandler
                0x000188fc       0x18 ./fusb15200_it.o
                0x000188fc                I2C4_IRQHandler
 .text.DMAERROR_IRQHandler
                0x00018914        0xa ./fusb15200_it.o
                0x00018914                DMAERROR_IRQHandler
 .text.DMADONE_IRQHandler
                0x0001891e        0xa ./fusb15200_it.o
                0x0001891e                DMADONE_IRQHandler
 .text.USBPDA_IRQHandler
                0x00018928       0x1c ./fusb15200_it.o
                0x00018928                USBPDA_IRQHandler
 .text.USBPDB_IRQHandler
                0x00018944       0x1c ./fusb15200_it.o
                0x00018944                USBPDB_IRQHandler
 .text.TIM0_IRQHandler
                0x00018960        0xa ./fusb15200_it.o
                0x00018960                TIM0_IRQHandler
 .text.TIM1_IRQHandler
                0x0001896a        0xa ./fusb15200_it.o
                0x0001896a                TIM1_IRQHandler
 .text.HPDA_IRQHandler
                0x00018974       0x14 ./fusb15200_it.o
                0x00018974                HPDA_IRQHandler
 .text.HPDB_IRQHandler
                0x00018988       0x14 ./fusb15200_it.o
                0x00018988                HPDB_IRQHandler
 .text.ADC_IRQHandler
                0x0001899c       0xa8 ./fusb15200_it.o
                0x0001899c                ADC_IRQHandler
 .text.HAL_Delay
                0x00018a44       0x3c ./main.o
                0x00018a44                HAL_Delay
 .text.HAL_SYSTICK_Count
                0x00018a80       0x20 ./main.o
                0x00018a80                HAL_SYSTICK_Count
 .text.main     0x00018aa0       0x34 ./main.o
                0x00018aa0                main
 .text.vendor_process_partner_mode
                0x00018ad4      0x128 ./vdm_vendor.o
 .text.vendor_process_partner_enter_mode
                0x00018bfc      0x178 ./vdm_vendor.o
 .text.vendor_process_partner_exit_mode
                0x00018d74      0x168 ./vdm_vendor.o
 .text.vendor_partner_nak
                0x00018edc      0x10c ./vdm_vendor.o
 .text.vendor_process_partner
                0x00018fe8       0x5c ./vdm_vendor.o
 .text.vdm_dp_request_modes
                0x00019044       0xcc ./vdm_vendor.o
 .text.vdm_dp_request_enter_mode
                0x00019110       0xd0 ./vdm_vendor.o
 .text.vdm_dp_request_exit_mode
                0x000191e0       0xd0 ./vdm_vendor.o
 .text.vendor_sm
                0x000192b0       0x98 ./vdm_vendor.o
 .text.vendor_active
                0x00019348       0x24 ./vdm_vendor.o
 .text.vendor_set_active
                0x0001936c       0x2c ./vdm_vendor.o
 .text.vendor_reset
                0x00019398       0x60 ./vdm_vendor.o
 .text          0x000193f8      0x114 c:/program files (x86)/onsemi/ide_v4.2.1.93/arm_tools/bin/../lib/gcc/arm-none-eabi/10.2.1/thumb/v6-m/nofp\libgcc.a(_udivsi3.o)
                0x000193f8                __aeabi_uidiv
                0x000193f8                __udivsi3
                0x00019504                __aeabi_uidivmod
 .text          0x0001950c      0x1d4 c:/program files (x86)/onsemi/ide_v4.2.1.93/arm_tools/bin/../lib/gcc/arm-none-eabi/10.2.1/thumb/v6-m/nofp\libgcc.a(_divsi3.o)
                0x0001950c                __divsi3
                0x0001950c                __aeabi_idiv
                0x000196d8                __aeabi_idivmod
 .text          0x000196e0        0x4 c:/program files (x86)/onsemi/ide_v4.2.1.93/arm_tools/bin/../lib/gcc/arm-none-eabi/10.2.1/thumb/v6-m/nofp\libgcc.a(_dvmd_tls.o)
                0x000196e0                __aeabi_idiv0
                0x000196e0                __aeabi_ldiv0
 .text.memset   0x000196e4       0x10 c:/program files (x86)/onsemi/ide_v4.2.1.93/arm_tools/bin/../lib/gcc/arm-none-eabi/10.2.1/../../../../arm-none-eabi/lib/thumb/v6-m/nofp\libg_nano.a(lib_a-memset.o)
                0x000196e4                memset
 *(.init)
 *(.fini)
 *crtbegin.o(.ctors)
 *crtbegin?.o(.ctors)
 *(EXCLUDE_FILE(*crtend.o *crtend?.o) .ctors)
 *(SORT_BY_NAME(.ctors.*))
 *(.ctors)
 *crtbegin.o(.dtors)
 *crtbegin?.o(.dtors)
 *(EXCLUDE_FILE(*crtend.o *crtend?.o) .dtors)
 *(SORT_BY_NAME(.dtors.*))
 *(.dtors)
 *(.eh_frame*)

.glue_7         0x000196f4        0x0
 .glue_7        0x000196f4        0x0 linker stubs

.glue_7t        0x000196f4        0x0
 .glue_7t       0x000196f4        0x0 linker stubs

.vfp11_veneer   0x000196f4        0x0
 .vfp11_veneer  0x000196f4        0x0 linker stubs

.v4_bx          0x000196f4        0x0
 .v4_bx         0x000196f4        0x0 linker stubs

.iplt           0x000196f4        0x0
 .iplt          0x000196f4        0x0 ./Drivers/Device/15xxx/fusb15xxx_adc.o

.rodata         0x000196f4      0x750
                0x000196f4                . = ALIGN (0x4)
 *(.rodata)
 .rodata        0x000196f4        0xe ./COMMON/tcpd/policy.o
 *(.rodata*)
 *fill*         0x00019702        0x2 
 .rodata.HAL_ADC_CHx_Data
                0x00019704       0x30 ./Drivers/Device/15xxx/fusb15xxx_adc.o
 .rodata.ADC_DRIVER
                0x00019734       0x40 ./Drivers/Device/15xxx/fusb15xxx_adc.o
                0x00019734                ADC_DRIVER
 .rodata.GPIO_DRIVER
                0x00019774       0x1c ./Drivers/Device/15xxx/fusb15xxx_gpio.o
                0x00019774                GPIO_DRIVER
 .rodata.I2C_DRIVER
                0x00019790       0x64 ./Drivers/Device/15xxx/fusb15xxx_i2c.o
                0x00019790                I2C_DRIVER
 .rodata.PORT_DRIVER
                0x000197f4       0x20 ./Drivers/Device/15xxx/fusb15xxx_port.o
                0x000197f4                PORT_DRIVER
 .rodata.HAL_PORT_RxData
                0x00019814       0x14 ./Drivers/Device/15xxx/fusb15xxx_tcpd.o
 .rodata.TIMER_DRIVER
                0x00019828       0x20 ./Drivers/Device/15xxx/fusb15xxx_timer.o
                0x00019828                TIMER_DRIVER
 .rodata.port1_vif
                0x00019848      0x208 ./Device/vif_info.o
                0x00019848                port1_vif
 .rodata.port2_vif
                0x00019a50      0x208 ./Device/vif_info.o
                0x00019a50                port2_vif
 .rodata.svdmh  0x00019c58        0x8 ./COMMON/tcpd/cable_svid_driv.o
 .rodata.pd_vdm_cable_svid_obj
                0x00019c60       0x18 ./COMMON/tcpd/cable_svid_driv.o
 .rodata.svdmh  0x00019c78        0x8 ./COMMON/tcpd/cable_tbt3_driv.o
 .rodata.pd_vdm_cable_tbt3_obj
                0x00019c80       0x18 ./COMMON/tcpd/cable_tbt3_driv.o
 .rodata.policy_process_cable_reset
                0x00019c98       0x14 ./COMMON/tcpd/policy.o
 .rodata.policy_state_source_send_vconn_swap
                0x00019cac       0x14 ./COMMON/tcpd/policy.o
 .rodata.policy_state_source_evaluate_vconn_swap
                0x00019cc0       0x14 ./COMMON/tcpd/policy.o
 .rodata.policy_state_source_send_prswap
                0x00019cd4       0x1c ./COMMON/tcpd/policy.o
 .rodata.policy_state_source_evaluate_prswap
                0x00019cf0       0x18 ./COMMON/tcpd/policy.o
 .rodata.SOURCE_TX_REQ_ACTION_ARRAY
                0x00019d08       0x20 ./COMMON/tcpd/policy.o
 .rodata.SINK_TX_REQ_ACTION_ARRAY
                0x00019d28       0x20 ./COMMON/tcpd/policy.o
 .rodata.SOURCE_MESSAGE_ACTION_ARRAY
                0x00019d48       0x3a ./COMMON/tcpd/policy.o
                0x00019d48                SOURCE_MESSAGE_ACTION_ARRAY
 *fill*         0x00019d82        0x2 
 .rodata.policy_state_sink_send_vconnswap
                0x00019d84       0x14 ./COMMON/tcpd/policy.o
 .rodata.SINK_MESSAGE_ACTION_ARRAY
                0x00019d98       0x3a ./COMMON/tcpd/policy.o
                0x00019d98                SINK_MESSAGE_ACTION_ARRAY
 *fill*         0x00019dd2        0x2 
 .rodata.policy_state_dfp_execute_data_reset
                0x00019dd4       0x18 ./COMMON/tcpd/policy.o
 .rodata.protocol_engine
                0x00019dec       0x18 ./COMMON/tcpd/protocol.o
 .rodata.svdmh  0x00019e04        0x8 ./COMMON/tcpd/svid_driv.o
 .rodata.pd_vdm_obj
                0x00019e0c       0x18 ./COMMON/tcpd/svid_driv.o
 .rodata.svdmh  0x00019e24        0x8 ./vdm_vendor.o
 .rodata.vendor_vdm_obj
                0x00019e2c       0x18 ./vdm_vendor.o

.rel.dyn        0x00019e44        0x0
 .rel.iplt      0x00019e44        0x0 ./Drivers/Device/15xxx/fusb15xxx_adc.o

.ARM.extab
 *(.ARM.extab* .gnu.linkonce.armextab.*)
                0x00019e44                __exidx_start = .

.ARM.exidx
 *(.ARM.exidx* .gnu.linkonce.armexidx.*)
                0x00019e44                __exidx_end = .
                0x00019e44                __etext = ALIGN (0x4)

.data           0x20000000      0x378 load address 0x00019e44
                0x20000000                __data_start__ = .
 *(vtable)
 *(.data*)
 .data.DMA_DRIV
                0x20000000       0x10 ./Drivers/Device/15xxx/fusb15xxx_dma.o
                0x20000000                DMA_DRIV
 .data.TCPORT_DRIVER
                0x20000010       0xa4 ./Drivers/Device/15xxx/fusb15xxx_tcpd.o
                0x20000010                TCPORT_DRIVER
 .data.vdm_cable_svid_driv
                0x200000b4        0xc ./COMMON/tcpd/cable_svid_driv.o
                0x200000b4                vdm_cable_svid_driv
 .data.vdm_cable_tbt3_driv
                0x200000c0        0xc ./COMMON/tcpd/cable_tbt3_driv.o
                0x200000c0                vdm_cable_tbt3_driv
 .data.policy_state_run
                0x200000cc      0x190 ./COMMON/tcpd/policy.o
                0x200000cc                policy_state_run
 .data.vdm_pd_driv
                0x2000025c        0xc ./COMMON/tcpd/svid_driv.o
                0x2000025c                vdm_pd_driv
 .data.typec_state_run
                0x20000268       0x54 ./COMMON/tcpd/typec.o
                0x20000268                typec_state_run
 .data.DCDC_master
                0x200002bc       0x20 ./dc_dc_cfg.o
                0x200002bc                DCDC_master
 .data.DCDC_data
                0x200002dc       0x88 ./dc_dc_cfg.o
                0x200002dc                DCDC_data
 .data.dpm_vif  0x20000364        0x8 ./dpm.o
                0x20000364                dpm_vif
 .data.vendor_driv
                0x2000036c        0xc ./vdm_vendor.o
                0x2000036c                vendor_driv
                0x20000378                . = ALIGN (0x4)
                [!provide]                PROVIDE (__preinit_array_start = .)
 *(.preinit_array)
                [!provide]                PROVIDE (__preinit_array_end = .)
                0x20000378                . = ALIGN (0x4)
                [!provide]                PROVIDE (__init_array_start = .)
 *(SORT_BY_NAME(.init_array.*))
 *(.init_array)
                [!provide]                PROVIDE (__init_array_end = .)
                0x20000378                . = ALIGN (0x4)
                [!provide]                PROVIDE (__fini_array_start = .)
 *(SORT_BY_NAME(.fini_array.*))
 *(.fini_array)
                [!provide]                PROVIDE (__fini_array_end = .)
 *(.jcr*)
                0x20000378                . = ALIGN (0x4)
                0x20000378                __data_end__ = .

.igot.plt       0x20000378        0x0 load address 0x0001a1bc
 .igot.plt      0x20000378        0x0 ./Drivers/Device/15xxx/fusb15xxx_adc.o

.bss            0x20000380      0xb10 load address 0x0001a200
                0x20000380                . = ALIGN (0x4)
                0x20000380                __bss_start__ = .
 *(.bss*)
 .bss.DMA_DRIV_DMA_CFG
                0x20000380       0x80 ./Drivers/Device/15xxx/fusb15xxx_dma.o
                0x20000380                DMA_DRIV_DMA_CFG
 .bss.DMA_DRIV_DMA_XFER
                0x20000400       0x80 ./Drivers/Device/15xxx/fusb15xxx_dma.o
                0x20000400                DMA_DRIV_DMA_XFER
 .bss.i2cdrivMemPool
                0x20000480       0xa0 ./Drivers/Device/15xxx/fusb15xxx_i2c.o
 .bss.tcpddrivMemPool
                0x20000520      0x108 ./Drivers/Device/15xxx/fusb15xxx_tcpd.o
 .bss.Dev_Id    0x20000628        0x4 ./Drivers/fusb15xxx_hal.o
 .bss.TCPD_Dev  0x2000062c       0x20 ./Drivers/fusbdev_hal.o
                0x2000062c                TCPD_Dev
 .bss.DCDC_Dev  0x2000064c       0x14 ./Drivers/fusbdev_hal.o
                0x2000064c                DCDC_Dev
 .bss.tick_cfg  0x20000660        0xc ./COMMON/util/timer.o
 .bss.CABLE_SVID_STATE
                0x2000066c       0x18 ./COMMON/tcpd/cable_svid_driv.o
                0x2000066c                CABLE_SVID_STATE
 .bss.CABLE_TBT3_STATE
                0x20000684       0x18 ./COMMON/tcpd/cable_tbt3_driv.o
                0x20000684                CABLE_TBT3_STATE
 .bss.EVENT_HANDLES
                0x2000069c       0x88 ./COMMON/tcpd/observer.o
 .bss.VDM_STATE
                0x20000724       0x18 ./COMMON/tcpd/svid_driv.o
                0x20000724                VDM_STATE
 .bss.vdm_list  0x2000073c        0x4 ./COMMON/tcpd/vdm.o
 .bss.VDM_MAX_VERSION_MINOR
                0x20000740        0x2 ./COMMON/tcpd/vdm.o
                0x20000740                VDM_MAX_VERSION_MINOR
 *fill*         0x20000742        0x2 
 .bss.DCDC_obj  0x20000744       0x1c ./COMMON/intf/port_dcdc.o
 .bss.PORTS_DCDC
                0x20000760        0xc ./COMMON/intf/port_dcdc.o
 .bss.PORTS     0x2000076c      0x678 ./COMMON/intf/port_tcpd.o
 .bss.PORTS_TCPD
                0x20000de4       0x28 ./COMMON/intf/port_tcpd.o
 .bss.i2c_master
                0x20000e0c       0x10 ./COMMON/dcdc/dc_dc_board.o
                0x20000e0c                i2c_master
 .bss.i2c_port_interrupt
                0x20000e1c        0x1 ./COMMON/dcdc/dc_dc_board.o
                0x20000e1c                i2c_port_interrupt
 *fill*         0x20000e1d        0x3 
 .bss.dcdc_data
                0x20000e20        0x4 ./COMMON/dcdc/dc_dc_board.o
                0x20000e20                dcdc_data
 .bss.dcdc_master
                0x20000e24        0x4 ./COMMON/dcdc/dc_dc_board.o
                0x20000e24                dcdc_master
 .bss.write_complete
                0x20000e28        0x1 ./COMMON/dcdc/dc_dc_board.o
 *fill*         0x20000e29        0x3 
 .bss.fusb_dpm_objects
                0x20000e2c       0x28 ./dpm.o
 .bss.DPM       0x20000e54       0x18 ./dpm.o
                0x20000e54                DPM
 .bss.gSleepInt
                0x20000e6c        0x1 ./main.o
                0x20000e6c                gSleepInt
 *fill*         0x20000e6d        0x3 
 .bss.VENDOR_STATE
                0x20000e70       0x20 ./vdm_vendor.o
                0x20000e70                VENDOR_STATE
 *(COMMON)
                0x20000e90                . = ALIGN (0x4)
                0x20000e90                __bss_end__ = .

.stack_mon      0x20000e90        0x0
                0x20000e90                . = ALIGN (0x4)
                0x20000e90                __STACK_MON_START = .
 *(.StackMonSection)
                0x20000e90                __STACK_MON_END = .

.heap           0x20000e90        0x0
                0x20000e90                __end__ = .
                [!provide]                PROVIDE (end = .)
 *(.heap*)
                0x20000e90                __HeapLimit = .

.stack_dummy    0x20000e90        0x0
 *(.stack*)
                0x20001800                __StackTop = (ORIGIN (RAM) + LENGTH (RAM))
                0x20001800                __StackLimit = (__StackTop - SIZEOF (.stack_dummy))
                [!provide]                PROVIDE (__stack = __StackTop)
                0x00008000                __ApplicationStart = 0x8000
                0x00000001                ASSERT ((__StackLimit >= __HeapLimit), region RAM overflowed with stack)
OUTPUT(FUSB15200_USBPD.elf elf32-littlearm)
LOAD linker stubs

.debug_info     0x00000000    0x3f372
 .debug_info    0x00000000      0xa04 ./Drivers/Device/15xxx/fusb15xxx_adc.o
 .debug_info    0x00000a04      0x6a4 ./Drivers/Device/15xxx/fusb15xxx_dma.o
 .debug_info    0x000010a8      0x67c ./Drivers/Device/15xxx/fusb15xxx_gpio.o
 .debug_info    0x00001724     0x1974 ./Drivers/Device/15xxx/fusb15xxx_i2c.o
 .debug_info    0x00003098      0x658 ./Drivers/Device/15xxx/fusb15xxx_port.o
 .debug_info    0x000036f0     0x2369 ./Drivers/Device/15xxx/fusb15xxx_tcpd.o
 .debug_info    0x00005a59      0x3f5 ./Drivers/Device/15xxx/fusb15xxx_timer.o
 .debug_info    0x00005e4e     0x4385 ./Drivers/fusb15xxx_hal.o
 .debug_info    0x0000a1d3     0x20ed ./Drivers/fusbdev_hal.o
 .debug_info    0x0000c2c0      0x19a ./Device/startup_FUSB15200.o
 .debug_info    0x0000c45a     0x19be ./Device/vif_info.o
 .debug_info    0x0000de18      0x245 ./COMMON/util/timer.o
 .debug_info    0x0000e05d     0x31ab ./COMMON/tcpd/cable_svid_driv.o
 .debug_info    0x00011208     0x31f5 ./COMMON/tcpd/cable_tbt3_driv.o
 .debug_info    0x000143fd      0x488 ./COMMON/tcpd/observer.o
 .debug_info    0x00014885     0x798d ./COMMON/tcpd/policy.o
 .debug_info    0x0001c212     0x33e3 ./COMMON/tcpd/protocol.o
 .debug_info    0x0001f5f5     0x3307 ./COMMON/tcpd/svid_driv.o
 .debug_info    0x000228fc     0x373b ./COMMON/tcpd/typec.o
 .debug_info    0x00026037     0x2c13 ./COMMON/tcpd/vdm.o
 .debug_info    0x00028c4a     0x3254 ./COMMON/intf/dev_tcpd.o
 .debug_info    0x0002be9e      0x63b ./COMMON/intf/port_dcdc.o
 .debug_info    0x0002c4d9     0x3303 ./COMMON/intf/port_tcpd.o
 .debug_info    0x0002f7dc     0x31af ./COMMON/dcdc/dc_dc_board.o
 .debug_info    0x0003298b      0x402 ./dc_dc_cfg.o
 .debug_info    0x00032d8d     0x3e03 ./dpm.o
 .debug_info    0x00036b90     0x465b ./dpm_callbacks.o
 .debug_info    0x0003b1eb      0x50f ./dpm_util.o
 .debug_info    0x0003b6fa      0x55a ./fusb15200_it.o
 .debug_info    0x0003bc54      0x480 ./main.o
 .debug_info    0x0003c0d4     0x329e ./vdm_vendor.o

.debug_abbrev   0x00000000     0x5202
 .debug_abbrev  0x00000000      0x2f5 ./Drivers/Device/15xxx/fusb15xxx_adc.o
 .debug_abbrev  0x000002f5      0x204 ./Drivers/Device/15xxx/fusb15xxx_dma.o
 .debug_abbrev  0x000004f9      0x214 ./Drivers/Device/15xxx/fusb15xxx_gpio.o
 .debug_abbrev  0x0000070d      0x313 ./Drivers/Device/15xxx/fusb15xxx_i2c.o
 .debug_abbrev  0x00000a20      0x1f4 ./Drivers/Device/15xxx/fusb15xxx_port.o
 .debug_abbrev  0x00000c14      0x376 ./Drivers/Device/15xxx/fusb15xxx_tcpd.o
 .debug_abbrev  0x00000f8a      0x14d ./Drivers/Device/15xxx/fusb15xxx_timer.o
 .debug_abbrev  0x000010d7      0x415 ./Drivers/fusb15xxx_hal.o
 .debug_abbrev  0x000014ec      0x2a3 ./Drivers/fusbdev_hal.o
 .debug_abbrev  0x0000178f      0x10a ./Device/startup_FUSB15200.o
 .debug_abbrev  0x00001899      0x16c ./Device/vif_info.o
 .debug_abbrev  0x00001a05      0x151 ./COMMON/util/timer.o
 .debug_abbrev  0x00001b56      0x30a ./COMMON/tcpd/cable_svid_driv.o
 .debug_abbrev  0x00001e60      0x313 ./COMMON/tcpd/cable_tbt3_driv.o
 .debug_abbrev  0x00002173      0x186 ./COMMON/tcpd/observer.o
 .debug_abbrev  0x000022f9      0x478 ./COMMON/tcpd/policy.o
 .debug_abbrev  0x00002771      0x3df ./COMMON/tcpd/protocol.o
 .debug_abbrev  0x00002b50      0x36a ./COMMON/tcpd/svid_driv.o
 .debug_abbrev  0x00002eba      0x3d7 ./COMMON/tcpd/typec.o
 .debug_abbrev  0x00003291      0x33a ./COMMON/tcpd/vdm.o
 .debug_abbrev  0x000035cb      0x328 ./COMMON/intf/dev_tcpd.o
 .debug_abbrev  0x000038f3      0x163 ./COMMON/intf/port_dcdc.o
 .debug_abbrev  0x00003a56      0x320 ./COMMON/intf/port_tcpd.o
 .debug_abbrev  0x00003d76      0x3d3 ./COMMON/dcdc/dc_dc_board.o
 .debug_abbrev  0x00004149       0xed ./dc_dc_cfg.o
 .debug_abbrev  0x00004236      0x42e ./dpm.o
 .debug_abbrev  0x00004664      0x38c ./dpm_callbacks.o
 .debug_abbrev  0x000049f0      0x196 ./dpm_util.o
 .debug_abbrev  0x00004b86      0x15f ./fusb15200_it.o
 .debug_abbrev  0x00004ce5      0x186 ./main.o
 .debug_abbrev  0x00004e6b      0x397 ./vdm_vendor.o

.debug_aranges  0x00000000     0x19f0
 .debug_aranges
                0x00000000       0xa8 ./Drivers/Device/15xxx/fusb15xxx_adc.o
 .debug_aranges
                0x000000a8       0x70 ./Drivers/Device/15xxx/fusb15xxx_dma.o
 .debug_aranges
                0x00000118       0x58 ./Drivers/Device/15xxx/fusb15xxx_gpio.o
 .debug_aranges
                0x00000170      0x138 ./Drivers/Device/15xxx/fusb15xxx_i2c.o
 .debug_aranges
                0x000002a8       0x60 ./Drivers/Device/15xxx/fusb15xxx_port.o
 .debug_aranges
                0x00000308      0x188 ./Drivers/Device/15xxx/fusb15xxx_tcpd.o
 .debug_aranges
                0x00000490       0x60 ./Drivers/Device/15xxx/fusb15xxx_timer.o
 .debug_aranges
                0x000004f0      0x3c8 ./Drivers/fusb15xxx_hal.o
 .debug_aranges
                0x000008b8      0x2e0 ./Drivers/fusbdev_hal.o
 .debug_aranges
                0x00000b98       0x28 ./Device/startup_FUSB15200.o
 .debug_aranges
                0x00000bc0       0x18 ./Device/vif_info.o
 .debug_aranges
                0x00000bd8       0x48 ./COMMON/util/timer.o
 .debug_aranges
                0x00000c20       0x58 ./COMMON/tcpd/cable_svid_driv.o
 .debug_aranges
                0x00000c78       0x58 ./COMMON/tcpd/cable_tbt3_driv.o
 .debug_aranges
                0x00000cd0       0x30 ./COMMON/tcpd/observer.o
 .debug_aranges
                0x00000d00      0x450 ./COMMON/tcpd/policy.o
 .debug_aranges
                0x00001150       0xd0 ./COMMON/tcpd/protocol.o
 .debug_aranges
                0x00001220       0x68 ./COMMON/tcpd/svid_driv.o
 .debug_aranges
                0x00001288      0x1c8 ./COMMON/tcpd/typec.o
 .debug_aranges
                0x00001450       0x60 ./COMMON/tcpd/vdm.o
 .debug_aranges
                0x000014b0       0x78 ./COMMON/intf/dev_tcpd.o
 .debug_aranges
                0x00001528       0x50 ./COMMON/intf/port_dcdc.o
 .debug_aranges
                0x00001578       0xf8 ./COMMON/intf/port_tcpd.o
 .debug_aranges
                0x00001670       0x98 ./COMMON/dcdc/dc_dc_board.o
 .debug_aranges
                0x00001708       0x18 ./dc_dc_cfg.o
 .debug_aranges
                0x00001720       0x78 ./dpm.o
 .debug_aranges
                0x00001798       0xd0 ./dpm_callbacks.o
 .debug_aranges
                0x00001868       0x38 ./dpm_util.o
 .debug_aranges
                0x000018a0       0x98 ./fusb15200_it.o
 .debug_aranges
                0x00001938       0x40 ./main.o
 .debug_aranges
                0x00001978       0x78 ./vdm_vendor.o

.debug_ranges   0x00000000     0x1838
 .debug_ranges  0x00000000       0x98 ./Drivers/Device/15xxx/fusb15xxx_adc.o
 .debug_ranges  0x00000098       0x60 ./Drivers/Device/15xxx/fusb15xxx_dma.o
 .debug_ranges  0x000000f8       0x48 ./Drivers/Device/15xxx/fusb15xxx_gpio.o
 .debug_ranges  0x00000140      0x128 ./Drivers/Device/15xxx/fusb15xxx_i2c.o
 .debug_ranges  0x00000268       0x50 ./Drivers/Device/15xxx/fusb15xxx_port.o
 .debug_ranges  0x000002b8      0x178 ./Drivers/Device/15xxx/fusb15xxx_tcpd.o
 .debug_ranges  0x00000430       0x50 ./Drivers/Device/15xxx/fusb15xxx_timer.o
 .debug_ranges  0x00000480      0x3b8 ./Drivers/fusb15xxx_hal.o
 .debug_ranges  0x00000838      0x2d0 ./Drivers/fusbdev_hal.o
 .debug_ranges  0x00000b08       0x18 ./Device/startup_FUSB15200.o
 .debug_ranges  0x00000b20       0x38 ./COMMON/util/timer.o
 .debug_ranges  0x00000b58       0x48 ./COMMON/tcpd/cable_svid_driv.o
 .debug_ranges  0x00000ba0       0x48 ./COMMON/tcpd/cable_tbt3_driv.o
 .debug_ranges  0x00000be8       0x20 ./COMMON/tcpd/observer.o
 .debug_ranges  0x00000c08      0x470 ./COMMON/tcpd/policy.o
 .debug_ranges  0x00001078       0xc0 ./COMMON/tcpd/protocol.o
 .debug_ranges  0x00001138       0x58 ./COMMON/tcpd/svid_driv.o
 .debug_ranges  0x00001190      0x1b8 ./COMMON/tcpd/typec.o
 .debug_ranges  0x00001348       0x50 ./COMMON/tcpd/vdm.o
 .debug_ranges  0x00001398       0x68 ./COMMON/intf/dev_tcpd.o
 .debug_ranges  0x00001400       0x40 ./COMMON/intf/port_dcdc.o
 .debug_ranges  0x00001440       0xe8 ./COMMON/intf/port_tcpd.o
 .debug_ranges  0x00001528       0x88 ./COMMON/dcdc/dc_dc_board.o
 .debug_ranges  0x000015b0       0x80 ./dpm.o
 .debug_ranges  0x00001630       0xc0 ./dpm_callbacks.o
 .debug_ranges  0x000016f0       0x28 ./dpm_util.o
 .debug_ranges  0x00001718       0x88 ./fusb15200_it.o
 .debug_ranges  0x000017a0       0x30 ./main.o
 .debug_ranges  0x000017d0       0x68 ./vdm_vendor.o

.debug_macro    0x00000000     0x87b0
 .debug_macro   0x00000000      0x159 ./Drivers/Device/15xxx/fusb15xxx_adc.o
 .debug_macro   0x00000159       0x1c ./Drivers/Device/15xxx/fusb15xxx_adc.o
 .debug_macro   0x00000175       0x2e ./Drivers/Device/15xxx/fusb15xxx_adc.o
 .debug_macro   0x000001a3       0x8e ./Drivers/Device/15xxx/fusb15xxx_adc.o
 .debug_macro   0x00000231       0x51 ./Drivers/Device/15xxx/fusb15xxx_adc.o
 .debug_macro   0x00000282      0x103 ./Drivers/Device/15xxx/fusb15xxx_adc.o